Archive member included to satisfy reference by file (symbol)

C:/ST/STM32CubeIDE_1.12.1/STM32CubeIDE/plugins/com.st.stm32cube.ide.mcu.externaltools.gnu-tools-for-stm32.11.3.rel1.win32_1.1.1.202309131626/tools/bin/../lib/gcc/arm-none-eabi/11.3.1/../../../../arm-none-eabi/lib/thumb/v7e-m+fp/hard\libc_nano.a(libc_a-exit.o)
                              C:/ST/STM32CubeIDE_1.12.1/STM32CubeIDE/plugins/com.st.stm32cube.ide.mcu.externaltools.gnu-tools-for-stm32.11.3.rel1.win32_1.1.1.202309131626/tools/bin/../lib/gcc/arm-none-eabi/11.3.1/../../../../arm-none-eabi/lib/thumb/v7e-m+fp/hard/crt0.o (exit)
C:/ST/STM32CubeIDE_1.12.1/STM32CubeIDE/plugins/com.st.stm32cube.ide.mcu.externaltools.gnu-tools-for-stm32.11.3.rel1.win32_1.1.1.202309131626/tools/bin/../lib/gcc/arm-none-eabi/11.3.1/../../../../arm-none-eabi/lib/thumb/v7e-m+fp/hard\libc_nano.a(libc_a-findfp.o)
                              C:/ST/STM32CubeIDE_1.12.1/STM32CubeIDE/plugins/com.st.stm32cube.ide.mcu.externaltools.gnu-tools-for-stm32.11.3.rel1.win32_1.1.1.202309131626/tools/bin/../lib/gcc/arm-none-eabi/11.3.1/../../../../arm-none-eabi/lib/thumb/v7e-m+fp/hard\libc_nano.a(libc_a-exit.o) (__stdio_exit_handler)
C:/ST/STM32CubeIDE_1.12.1/STM32CubeIDE/plugins/com.st.stm32cube.ide.mcu.externaltools.gnu-tools-for-stm32.11.3.rel1.win32_1.1.1.202309131626/tools/bin/../lib/gcc/arm-none-eabi/11.3.1/../../../../arm-none-eabi/lib/thumb/v7e-m+fp/hard\libc_nano.a(libc_a-fwalk.o)
                              C:/ST/STM32CubeIDE_1.12.1/STM32CubeIDE/plugins/com.st.stm32cube.ide.mcu.externaltools.gnu-tools-for-stm32.11.3.rel1.win32_1.1.1.202309131626/tools/bin/../lib/gcc/arm-none-eabi/11.3.1/../../../../arm-none-eabi/lib/thumb/v7e-m+fp/hard\libc_nano.a(libc_a-findfp.o) (_fwalk_sglue)
C:/ST/STM32CubeIDE_1.12.1/STM32CubeIDE/plugins/com.st.stm32cube.ide.mcu.externaltools.gnu-tools-for-stm32.11.3.rel1.win32_1.1.1.202309131626/tools/bin/../lib/gcc/arm-none-eabi/11.3.1/../../../../arm-none-eabi/lib/thumb/v7e-m+fp/hard\libc_nano.a(libc_a-stdio.o)
                              C:/ST/STM32CubeIDE_1.12.1/STM32CubeIDE/plugins/com.st.stm32cube.ide.mcu.externaltools.gnu-tools-for-stm32.11.3.rel1.win32_1.1.1.202309131626/tools/bin/../lib/gcc/arm-none-eabi/11.3.1/../../../../arm-none-eabi/lib/thumb/v7e-m+fp/hard\libc_nano.a(libc_a-findfp.o) (__sread)
C:/ST/STM32CubeIDE_1.12.1/STM32CubeIDE/plugins/com.st.stm32cube.ide.mcu.externaltools.gnu-tools-for-stm32.11.3.rel1.win32_1.1.1.202309131626/tools/bin/../lib/gcc/arm-none-eabi/11.3.1/../../../../arm-none-eabi/lib/thumb/v7e-m+fp/hard\libc_nano.a(libc_a-memset.o)
                              C:/ST/STM32CubeIDE_1.12.1/STM32CubeIDE/plugins/com.st.stm32cube.ide.mcu.externaltools.gnu-tools-for-stm32.11.3.rel1.win32_1.1.1.202309131626/tools/bin/../lib/gcc/arm-none-eabi/11.3.1/../../../../arm-none-eabi/lib/thumb/v7e-m+fp/hard/crt0.o (memset)
C:/ST/STM32CubeIDE_1.12.1/STM32CubeIDE/plugins/com.st.stm32cube.ide.mcu.externaltools.gnu-tools-for-stm32.11.3.rel1.win32_1.1.1.202309131626/tools/bin/../lib/gcc/arm-none-eabi/11.3.1/../../../../arm-none-eabi/lib/thumb/v7e-m+fp/hard\libc_nano.a(libc_a-closer.o)
                              C:/ST/STM32CubeIDE_1.12.1/STM32CubeIDE/plugins/com.st.stm32cube.ide.mcu.externaltools.gnu-tools-for-stm32.11.3.rel1.win32_1.1.1.202309131626/tools/bin/../lib/gcc/arm-none-eabi/11.3.1/../../../../arm-none-eabi/lib/thumb/v7e-m+fp/hard\libc_nano.a(libc_a-stdio.o) (_close_r)
C:/ST/STM32CubeIDE_1.12.1/STM32CubeIDE/plugins/com.st.stm32cube.ide.mcu.externaltools.gnu-tools-for-stm32.11.3.rel1.win32_1.1.1.202309131626/tools/bin/../lib/gcc/arm-none-eabi/11.3.1/../../../../arm-none-eabi/lib/thumb/v7e-m+fp/hard\libc_nano.a(libc_a-reent.o)
                              C:/ST/STM32CubeIDE_1.12.1/STM32CubeIDE/plugins/com.st.stm32cube.ide.mcu.externaltools.gnu-tools-for-stm32.11.3.rel1.win32_1.1.1.202309131626/tools/bin/../lib/gcc/arm-none-eabi/11.3.1/../../../../arm-none-eabi/lib/thumb/v7e-m+fp/hard\libc_nano.a(libc_a-closer.o) (errno)
C:/ST/STM32CubeIDE_1.12.1/STM32CubeIDE/plugins/com.st.stm32cube.ide.mcu.externaltools.gnu-tools-for-stm32.11.3.rel1.win32_1.1.1.202309131626/tools/bin/../lib/gcc/arm-none-eabi/11.3.1/../../../../arm-none-eabi/lib/thumb/v7e-m+fp/hard\libc_nano.a(libc_a-impure.o)
                              C:/ST/STM32CubeIDE_1.12.1/STM32CubeIDE/plugins/com.st.stm32cube.ide.mcu.externaltools.gnu-tools-for-stm32.11.3.rel1.win32_1.1.1.202309131626/tools/bin/../lib/gcc/arm-none-eabi/11.3.1/../../../../arm-none-eabi/lib/thumb/v7e-m+fp/hard\libc_nano.a(libc_a-reent.o) (_impure_ptr)
C:/ST/STM32CubeIDE_1.12.1/STM32CubeIDE/plugins/com.st.stm32cube.ide.mcu.externaltools.gnu-tools-for-stm32.11.3.rel1.win32_1.1.1.202309131626/tools/bin/../lib/gcc/arm-none-eabi/11.3.1/../../../../arm-none-eabi/lib/thumb/v7e-m+fp/hard\libc_nano.a(libc_a-lseekr.o)
[...]
Memory Configuration

Name             Origin             Length             Attributes
CCMRAM           0x0000000010000000 0x0000000000010000 xrw
RAM              0x0000000020000000 0x0000000000030000 xrw
FLASH            0x0000000008000000 0x0000000000200000 xr
*default*        0x0000000000000000 0xffffffffffffffff

Linker script and memory map

LOAD C:/ST/STM32CubeIDE_1.12.1/STM32CubeIDE/plugins/com.st.stm32cube.ide.mcu.externaltools.gnu-tools-for-stm32.11.3.rel1.win32_1.1.1.202309131626/tools/bin/../lib/gcc/arm-none-eabi/11.3.1/thumb/v7e-m+fp/hard/crti.o
LOAD C:/ST/STM32CubeIDE_1.12.1/STM32CubeIDE/plugins/com.st.stm32cube.ide.mcu.externaltools.gnu-tools-for-stm32.11.3.rel1.win32_1.1.1.202309131626/tools/bin/../lib/gcc/arm-none-eabi/11.3.1/thumb/v7e-m+fp/hard/crtbegin.o
LOAD C:/ST/STM32CubeIDE_1.12.1/STM32CubeIDE/plugins/com.st.stm32cube.ide.mcu.externaltools.gnu-tools-for-stm32.11.3.rel1.win32_1.1.1.202309131626/tools/bin/../lib/gcc/arm-none-eabi/11.3.1/../../../../arm-none-eabi/lib/thumb/v7e-m+fp/hard/crt0.o
LOAD ./Core/Src/eth.o
LOAD ./Core/Src/gpio.o
LOAD ./Core/Src/main.o
LOAD ./Core/Src/nrf24l01p.o
LOAD ./Core/Src/spi.o
LOAD ./Core/Src/stm32f4xx_hal_msp.o
LOAD ./Core/Src/stm32f4xx_it.o
LOAD ./Core/Src/syscalls.o
LOAD ./Core/Src/sysmem.o
LOAD ./Core/Src/system_stm32f4xx.o
LOAD ./Core/Src/usart.o
LOAD ./Core/Src/usb_otg.o
LOAD ./Core/Startup/startup_stm32f429zitx.o
LOAD ./Drivers/STM32F4xx_HAL_Driver/Src/stm32f4xx_hal.o
LOAD ./Drivers/STM32F4xx_HAL_Driver/Src/stm32f4xx_hal_cortex.o
LOAD ./Drivers/STM32F4xx_HAL_Driver/Src/stm32f4xx_hal_dma.o
LOAD ./Drivers/STM32F4xx_HAL_Driver/Src/stm32f4xx_hal_dma_ex.o
LOAD ./Drivers/STM32F4xx_HAL_Driver/Src/stm32f4xx_hal_eth.o
LOAD ./Drivers/STM32F4xx_HAL_Driver/Src/stm32f4xx_hal_exti.o
LOAD ./Drivers/STM32F4xx_HAL_Driver/Src/stm32f4xx_hal_flash.o
LOAD ./Drivers/STM32F4xx_HAL_Driver/Src/stm32f4xx_hal_flash_ex.o
LOAD ./Drivers/STM32F4xx_HAL_Driver/Src/stm32f4xx_hal_flash_ramfunc.o
LOAD ./Drivers/STM32F4xx_HAL_Driver/Src/stm32f4xx_hal_gpio.o
LOAD ./Drivers/STM32F4xx_HAL_Driver/Src/stm32f4xx_hal_pcd.o
LOAD ./Drivers/STM32F4xx_HAL_Driver/Src/stm32f4xx_hal_pcd_ex.o
LOAD ./Drivers/STM32F4xx_HAL_Driver/Src/stm32f4xx_hal_pwr.o
LOAD ./Drivers/STM32F4xx_HAL_Driver/Src/stm32f4xx_hal_pwr_ex.o
LOAD ./Drivers/STM32F4xx_HAL_Driver/Src/stm32f4xx_hal_rcc.o
LOAD ./Drivers/STM32F4xx_HAL_Driver/Src/stm32f4xx_hal_rcc_ex.o
LOAD ./Drivers/STM32F4xx_HAL_Driver/Src/stm32f4xx_hal_spi.o
LOAD ./Drivers/STM32F4xx_HAL_Driver/Src/stm32f4xx_hal_tim.o
LOAD ./Drivers/STM32F4xx_HAL_Driver/Src/stm32f4xx_hal_tim_ex.o
LOAD ./Drivers/STM32F4xx_HAL_Driver/Src/stm32f4xx_hal_uart.o
LOAD ./Drivers/STM32F4xx_HAL_Driver/Src/stm32f4xx_ll_usb.o
START GROUP
LOAD C:/ST/STM32CubeIDE_1.12.1/STM32CubeIDE/plugins/com.st.stm32cube.ide.mcu.externaltools.gnu-tools-for-stm32.11.3.rel1.win32_1.1.1.202309131626/tools/bin/../lib/gcc/arm-none-eabi/11.3.1/../../../../arm-none-eabi/lib/thumb/v7e-m+fp/hard\libc_nano.a
LOAD C:/ST/STM32CubeIDE_1.12.1/STM32CubeIDE/plugins/com.st.stm32cube.ide.mcu.externaltools.gnu-tools-for-stm32.11.3.rel1.win32_1.1.1.202309131626/tools/bin/../lib/gcc/arm-none-eabi/11.3.1/../../../../arm-none-eabi/lib/thumb/v7e-m+fp/hard\libm.a
END GROUP
START GROUP
LOAD C:/ST/STM32CubeIDE_1.12.1/STM32CubeIDE/plugins/com.st.stm32cube.ide.mcu.externaltools.gnu-tools-for-stm32.11.3.rel1.win32_1.1.1.202309131626/tools/bin/../lib/gcc/arm-none-eabi/11.3.1/thumb/v7e-m+fp/hard\libgcc.a
LOAD C:/ST/STM32CubeIDE_1.12.1/STM32CubeIDE/plugins/com.st.stm32cube.ide.mcu.externaltools.gnu-tools-for-stm32.11.3.rel1.win32_1.1.1.202309131626/tools/bin/../lib/gcc/arm-none-eabi/11.3.1/../../../../arm-none-eabi/lib/thumb/v7e-m+fp/hard\libc_nano.a
END GROUP
START GROUP
LOAD C:/ST/STM32CubeIDE_1.12.1/STM32CubeIDE/plugins/com.st.stm32cube.ide.mcu.externaltools.gnu-tools-for-stm32.11.3.rel1.win32_1.1.1.202309131626/tools/bin/../lib/gcc/arm-none-eabi/11.3.1/thumb/v7e-m+fp/hard\libgcc.a
LOAD C:/ST/STM32CubeIDE_1.12.1/STM32CubeIDE/plugins/com.st.stm32cube.ide.mcu.externaltools.gnu-tools-for-stm32.11.3.rel1.win32_1.1.1.202309131626/tools/bin/../lib/gcc/arm-none-eabi/11.3.1/../../../../arm-none-eabi/lib/thumb/v7e-m+fp/hard\libc_nano.a
LOAD C:/ST/STM32CubeIDE_1.12.1/STM32CubeIDE/plugins/com.st.stm32cube.ide.mcu.externaltools.gnu-tools-for-stm32.11.3.rel1.win32_1.1.1.202309131626/tools/bin/../lib/gcc/arm-none-eabi/11.3.1/../../../../arm-none-eabi/lib/thumb/v7e-m+fp/hard\libnosys.a
END GROUP
START GROUP
LOAD C:/ST/STM32CubeIDE_1.12.1/STM32CubeIDE/plugins/com.st.stm32cube.ide.mcu.externaltools.gnu-tools-for-stm32.11.3.rel1.win32_1.1.1.202309131626/tools/bin/../lib/gcc/arm-none-eabi/11.3.1/thumb/v7e-m+fp/hard\libgcc.a
LOAD C:/ST/STM32CubeIDE_1.12.1/STM32CubeIDE/plugins/com.st.stm32cube.ide.mcu.externaltools.gnu-tools-for-stm32.11.3.rel1.win32_1.1.1.202309131626/tools/bin/../lib/gcc/arm-none-eabi/11.3.1/../../../../arm-none-eabi/lib/thumb/v7e-m+fp/hard\libc_nano.a
LOAD C:/ST/STM32CubeIDE_1.12.1/STM32CubeIDE/plugins/com.st.stm32cube.ide.mcu.externaltools.gnu-tools-for-stm32.11.3.rel1.win32_1.1.1.202309131626/tools/bin/../lib/gcc/arm-none-eabi/11.3.1/../../../../arm-none-eabi/lib/thumb/v7e-m+fp/hard\libnosys.a
END GROUP
LOAD C:/ST/STM32CubeIDE_1.12.1/STM32CubeIDE/plugins/com.st.stm32cube.ide.mcu.externaltools.gnu-tools-for-stm32.11.3.rel1.win32_1.1.1.202309131626/tools/bin/../lib/gcc/arm-none-eabi/11.3.1/thumb/v7e-m+fp/hard/crtend.o
LOAD C:/ST/STM32CubeIDE_1.12.1/STM32CubeIDE/plugins/com.st.stm32cube.ide.mcu.externaltools.gnu-tools-for-stm32.11.3.rel1.win32_1.1.1.202309131626/tools/bin/../lib/gcc/arm-none-eabi/11.3.1/thumb/v7e-m+fp/hard/crtn.o
                0x0000000020030000                _estack = (ORIGIN (RAM) + LENGTH (RAM))
                0x0000000000000200                _Min_Heap_Size = 0x200
                0x0000000000000400                _Min_Stack_Size = 0x400

.isr_vector     0x0000000008000000      0x1ac
                0x0000000008000000                . = ALIGN (0x4)
 *(.isr_vector)
 .isr_vector    0x0000000008000000      0x1ac ./Core/Startup/startup_stm32f429zitx.o
                0x0000000008000000                g_pfnVectors
                0x00000000080001ac                . = ALIGN (0x4)

.text           0x00000000080001ac     0x5390
                0x00000000080001ac                . = ALIGN (0x4)
 *(.text)
 .text          0x00000000080001ac       0x40 C:/ST/STM32CubeIDE_1.12.1/STM32CubeIDE/plugins/com.st.stm32cube.ide.mcu.externaltools.gnu-tools-for-stm32.11.3.rel1.win32_1.1.1.202309131626/tools/bin/../lib/gcc/arm-none-eabi/11.3.1/thumb/v7e-m+fp/hard/crtbegin.o
 .text          0x00000000080001ec       0x30 C:/ST/STM32CubeIDE_1.12.1/STM32CubeIDE/plugins/com.st.stm32cube.ide.mcu.externaltools.gnu-tools-for-stm32.11.3.rel1.win32_1.1.1.202309131626/tools/bin/../lib/gcc/arm-none-eabi/11.3.1/thumb/v7e-m+fp/hard\libgcc.a(_aeabi_uldivmod.o)
                0x00000000080001ec                __aeabi_uldivmod
 .text          0x000000000800021c      0x2c8 C:/ST/STM32CubeIDE_1.12.1/STM32CubeIDE/plugins/com.st.stm32cube.ide.mcu.externaltools.gnu-tools-for-stm32.11.3.rel1.win32_1.1.1.202309131626/tools/bin/../lib/gcc/arm-none-eabi/11.3.1/thumb/v7e-m+fp/hard\libgcc.a(_udivmoddi4.o)
                0x000000000800021c                __udivmoddi4
 .text          0x00000000080004e4        0x4 C:/ST/STM32CubeIDE_1.12.1/STM32CubeIDE/plugins/com.st.stm32cube.ide.mcu.externaltools.gnu-tools-for-stm32.11.3.rel1.win32_1.1.1.202309131626/tools/bin/../lib/gcc/arm-none-eabi/11.3.1/thumb/v7e-m+fp/hard\libgcc.a(_dvmd_tls.o)
                0x00000000080004e4                __aeabi_idiv0
                0x00000000080004e4                __aeabi_ldiv0
 *(.text*)
 .text.MX_ETH_Init
                0x00000000080004e8       0x9c ./Core/Src/eth.o
                0x00000000080004e8                MX_ETH_Init
 .text.HAL_ETH_MspInit
                0x0000000008000584      0x18c ./Core/Src/eth.o
                0x0000000008000584                HAL_ETH_MspInit
 .text.MX_GPIO_Init
                0x0000000008000710      0x1fc ./Core/Src/gpio.o
                0x0000000008000710                MX_GPIO_Init
 .text.main     0x000000000800090c       0x54 ./Core/Src/main.o
                0x000000000800090c                main
 .text.SystemClock_Config
                0x0000000008000960       0xd4 ./Core/Src/main.o
                0x0000000008000960                SystemClock_Config
 .text.motor1_forward
                0x0000000008000a34       0x24 ./Core/Src/main.o
                0x0000000008000a34                motor1_forward
 .text.motor2_forward
                0x0000000008000a58       0x24 ./Core/Src/main.o
                0x0000000008000a58                motor2_forward
 .text.motor1_backward
                0x0000000008000a7c       0x24 ./Core/Src/main.o
                0x0000000008000a7c                motor1_backward
 .text.motor2_backward
                0x0000000008000aa0       0x24 ./Core/Src/main.o
                0x0000000008000aa0                motor2_backward
 .text.go_forward
                0x0000000008000ac4       0x10 ./Core/Src/main.o
                0x0000000008000ac4                go_forward
 .text.go_backward
                0x0000000008000ad4       0x10 ./Core/Src/main.o
                0x0000000008000ad4                go_backward
 .text.go_left  0x0000000008000ae4       0x10 ./Core/Src/main.o
                0x0000000008000ae4                go_left
 .text.go_right
                0x0000000008000af4       0x10 ./Core/Src/main.o
                0x0000000008000af4                go_right
 .text.stop     0x0000000008000b04       0x3c ./Core/Src/main.o
                0x0000000008000b04                stop
 .text.HAL_UART_TxCpltCallback
                0x0000000008000b40       0x24 ./Core/Src/main.o
                0x0000000008000b40                HAL_UART_TxCpltCallback
 .text.HAL_UART_RxCpltCallback
                0x0000000008000b64       0x14 ./Core/Src/main.o
                0x0000000008000b64                HAL_UART_RxCpltCallback
 .text.HAL_GPIO_EXTI_Callback
                0x0000000008000b78       0x24 ./Core/Src/main.o
                0x0000000008000b78                HAL_GPIO_EXTI_Callback
 .text.Error_Handler
                0x0000000008000b9c        0xa ./Core/Src/main.o
                0x0000000008000b9c                Error_Handler
 *fill*         0x0000000008000ba6        0x2 
 .text.cs_high  0x0000000008000ba8       0x18 ./Core/Src/nrf24l01p.o
 .text.cs_low   0x0000000008000bc0       0x18 ./Core/Src/nrf24l01p.o
 .text.ce_high  0x0000000008000bd8       0x18 ./Core/Src/nrf24l01p.o
 .text.ce_low   0x0000000008000bf0       0x18 ./Core/Src/nrf24l01p.o
 .text.read_register
                0x0000000008000c08       0x4c ./Core/Src/nrf24l01p.o
 .text.write_register
                0x0000000008000c54       0x5c ./Core/Src/nrf24l01p.o
 .text.nrf24l01p_rx_init
                0x0000000008000cb0       0x5c ./Core/Src/nrf24l01p.o
                0x0000000008000cb0                nrf24l01p_rx_init
 .text.nrf24l01p_rx_receive
                0x0000000008000d0c       0x78 ./Core/Src/nrf24l01p.o
                0x0000000008000d0c                nrf24l01p_rx_receive
 .text.nrf24l01p_reset
                0x0000000008000d84       0xa8 ./Core/Src/nrf24l01p.o
                0x0000000008000d84                nrf24l01p_reset
 .text.nrf24l01p_prx_mode
                0x0000000008000e2c       0x2a ./Core/Src/nrf24l01p.o
                0x0000000008000e2c                nrf24l01p_prx_mode
 *fill*         0x0000000008000e56        0x2 
 .text.nrf24l01p_read_rx_fifo
                0x0000000008000e58       0x48 ./Core/Src/nrf24l01p.o
                0x0000000008000e58                nrf24l01p_read_rx_fifo
 .text.nrf24l01p_flush_rx_fifo
                0x0000000008000ea0       0x30 ./Core/Src/nrf24l01p.o
                0x0000000008000ea0                nrf24l01p_flush_rx_fifo
 .text.nrf24l01p_flush_tx_fifo
                0x0000000008000ed0       0x30 ./Core/Src/nrf24l01p.o
                0x0000000008000ed0                nrf24l01p_flush_tx_fifo
 .text.nrf24l01p_get_status
                0x0000000008000f00       0x34 ./Core/Src/nrf24l01p.o
                0x0000000008000f00                nrf24l01p_get_status
 .text.nrf24l01p_rx_set_payload_widths
                0x0000000008000f34       0x1c ./Core/Src/nrf24l01p.o
                0x0000000008000f34                nrf24l01p_rx_set_payload_widths
 .text.nrf24l01p_clear_rx_dr
                0x0000000008000f50       0x28 ./Core/Src/nrf24l01p.o
                0x0000000008000f50                nrf24l01p_clear_rx_dr
 .text.nrf24l01p_power_up
                0x0000000008000f78       0x2a ./Core/Src/nrf24l01p.o
                0x0000000008000f78                nrf24l01p_power_up
 .text.nrf24l01p_set_crc_length
                0x0000000008000fa2       0x46 ./Core/Src/nrf24l01p.o
                0x0000000008000fa2                nrf24l01p_set_crc_length
 .text.nrf24l01p_set_address_widths
                0x0000000008000fe8       0x20 ./Core/Src/nrf24l01p.o
                0x0000000008000fe8                nrf24l01p_set_address_widths
 .text.nrf24l01p_auto_retransmit_count
                0x0000000008001008       0x36 ./Core/Src/nrf24l01p.o
                0x0000000008001008                nrf24l01p_auto_retransmit_count
 *fill*         0x000000000800103e        0x2 
 .text.nrf24l01p_auto_retransmit_delay
                0x0000000008001040       0x50 ./Core/Src/nrf24l01p.o
                0x0000000008001040                nrf24l01p_auto_retransmit_delay
 .text.nrf24l01p_set_rf_channel
                0x0000000008001090       0x26 ./Core/Src/nrf24l01p.o
                0x0000000008001090                nrf24l01p_set_rf_channel
 .text.nrf24l01p_set_rf_tx_output_power
                0x00000000080010b6       0x3a ./Core/Src/nrf24l01p.o
                0x00000000080010b6                nrf24l01p_set_rf_tx_output_power
 .text.nrf24l01p_set_rf_air_data_rate
                0x00000000080010f0       0x52 ./Core/Src/nrf24l01p.o
                0x00000000080010f0                nrf24l01p_set_rf_air_data_rate
 *fill*         0x0000000008001142        0x2 
 .text.MX_SPI3_Init
                0x0000000008001144       0x6c ./Core/Src/spi.o
                0x0000000008001144                MX_SPI3_Init
 .text.HAL_SPI_MspInit
                0x00000000080011b0       0xa0 ./Core/Src/spi.o
                0x00000000080011b0                HAL_SPI_MspInit
 .text.HAL_MspInit
                0x0000000008001250       0x50 ./Core/Src/stm32f4xx_hal_msp.o
                0x0000000008001250                HAL_MspInit
 .text.NMI_Handler
                0x00000000080012a0        0x6 ./Core/Src/stm32f4xx_it.o
                0x00000000080012a0                NMI_Handler
 .text.HardFault_Handler
                0x00000000080012a6        0x6 ./Core/Src/stm32f4xx_it.o
                0x00000000080012a6                HardFault_Handler
 .text.MemManage_Handler
                0x00000000080012ac        0x6 ./Core/Src/stm32f4xx_it.o
                0x00000000080012ac                MemManage_Handler
 .text.BusFault_Handler
                0x00000000080012b2        0x6 ./Core/Src/stm32f4xx_it.o
                0x00000000080012b2                BusFault_Handler
 .text.UsageFault_Handler
                0x00000000080012b8        0x6 ./Core/Src/stm32f4xx_it.o
                0x00000000080012b8                UsageFault_Handler
 .text.SVC_Handler
                0x00000000080012be        0xe ./Core/Src/stm32f4xx_it.o
                0x00000000080012be                SVC_Handler
 .text.DebugMon_Handler
                0x00000000080012cc        0xe ./Core/Src/stm32f4xx_it.o
                0x00000000080012cc                DebugMon_Handler
 .text.PendSV_Handler
                0x00000000080012da        0xe ./Core/Src/stm32f4xx_it.o
                0x00000000080012da                PendSV_Handler
 .text.SysTick_Handler
                0x00000000080012e8        0xc ./Core/Src/stm32f4xx_it.o
                0x00000000080012e8                SysTick_Handler
 .text.EXTI2_IRQHandler
                0x00000000080012f4        0xe ./Core/Src/stm32f4xx_it.o
                0x00000000080012f4                EXTI2_IRQHandler
 *fill*         0x0000000008001302        0x2 
 .text.USART3_IRQHandler
                0x0000000008001304       0x14 ./Core/Src/stm32f4xx_it.o
                0x0000000008001304                USART3_IRQHandler
 .text.SPI3_IRQHandler
                0x0000000008001318       0x14 ./Core/Src/stm32f4xx_it.o
                0x0000000008001318                SPI3_IRQHandler
 .text.USART6_IRQHandler
                0x000000000800132c       0x14 ./Core/Src/stm32f4xx_it.o
                0x000000000800132c                USART6_IRQHandler
 .text.SystemInit
                0x0000000008001340       0x24 ./Core/Src/system_stm32f4xx.o
                0x0000000008001340                SystemInit
 .text.MX_USART3_UART_Init
                0x0000000008001364       0x54 ./Core/Src/usart.o
                0x0000000008001364                MX_USART3_UART_Init
 .text.MX_USART6_UART_Init
                0x00000000080013b8       0x54 ./Core/Src/usart.o
                0x00000000080013b8                MX_USART6_UART_Init
 .text.HAL_UART_MspInit
                0x000000000800140c      0x11c ./Core/Src/usart.o
                0x000000000800140c                HAL_UART_MspInit
 .text.MX_USB_OTG_FS_PCD_Init
                0x0000000008001528       0x5c ./Core/Src/usb_otg.o
                0x0000000008001528                MX_USB_OTG_FS_PCD_Init
 .text.HAL_PCD_MspInit
                0x0000000008001584       0xb4 ./Core/Src/usb_otg.o
                0x0000000008001584                HAL_PCD_MspInit
 .text.Reset_Handler
                0x0000000008001638       0x50 ./Core/Startup/startup_stm32f429zitx.o
                0x0000000008001638                Reset_Handler
 .text.Default_Handler
                0x0000000008001688        0x2 ./Core/Startup/startup_stm32f429zitx.o
                0x0000000008001688                RTC_Alarm_IRQHandler
                0x0000000008001688                HASH_RNG_IRQHandler
                0x0000000008001688                TIM8_CC_IRQHandler
                0x0000000008001688                UART8_IRQHandler
                0x0000000008001688                SPI4_IRQHandler
                0x0000000008001688                TIM1_CC_IRQHandler
                0x0000000008001688                DMA2_Stream5_IRQHandler
                0x0000000008001688                DMA1_Stream5_IRQHandler
                0x0000000008001688                PVD_IRQHandler
                0x0000000008001688                SDIO_IRQHandler
                0x0000000008001688                TAMP_STAMP_IRQHandler
                0x0000000008001688                CAN2_RX1_IRQHandler
                0x0000000008001688                EXTI3_IRQHandler
                0x0000000008001688                TIM8_TRG_COM_TIM14_IRQHandler
                0x0000000008001688                TIM1_UP_TIM10_IRQHandler
                0x0000000008001688                TIM8_UP_TIM13_IRQHandler
                0x0000000008001688                I2C3_ER_IRQHandler
                0x0000000008001688                EXTI0_IRQHandler
                0x0000000008001688                I2C2_EV_IRQHandler
                0x0000000008001688                DMA1_Stream2_IRQHandler
                0x0000000008001688                CAN1_RX0_IRQHandler
                0x0000000008001688                FPU_IRQHandler
                0x0000000008001688                OTG_HS_WKUP_IRQHandler
                0x0000000008001688                LTDC_ER_IRQHandler
                0x0000000008001688                CAN2_SCE_IRQHandler
                0x0000000008001688                DMA2_Stream2_IRQHandler
                0x0000000008001688                SPI1_IRQHandler
                0x0000000008001688                TIM6_DAC_IRQHandler
                0x0000000008001688                TIM1_BRK_TIM9_IRQHandler
                0x0000000008001688                DCMI_IRQHandler
                0x0000000008001688                CAN2_RX0_IRQHandler
                0x0000000008001688                DMA2_Stream3_IRQHandler
                0x0000000008001688                CAN1_RX1_IRQHandler
                0x0000000008001688                UART5_IRQHandler
                0x0000000008001688                DMA2_Stream0_IRQHandler
                0x0000000008001688                TIM4_IRQHandler
                0x0000000008001688                I2C1_EV_IRQHandler
                0x0000000008001688                DMA1_Stream6_IRQHandler
                0x0000000008001688                DMA1_Stream1_IRQHandler
                0x0000000008001688                UART4_IRQHandler
                0x0000000008001688                TIM3_IRQHandler
                0x0000000008001688                RCC_IRQHandler
                0x0000000008001688                TIM8_BRK_TIM12_IRQHandler
                0x0000000008001688                Default_Handler
                0x0000000008001688                EXTI15_10_IRQHandler
                0x0000000008001688                ADC_IRQHandler
                0x0000000008001688                DMA1_Stream7_IRQHandler
                0x0000000008001688                SPI5_IRQHandler
                0x0000000008001688                TIM7_IRQHandler
                0x0000000008001688                CAN2_TX_IRQHandler
                0x0000000008001688                TIM5_IRQHandler
                0x0000000008001688                DMA2_Stream7_IRQHandler
                0x0000000008001688                I2C3_EV_IRQHandler
                0x0000000008001688                EXTI9_5_IRQHandler
                0x0000000008001688                RTC_WKUP_IRQHandler
                0x0000000008001688                LTDC_IRQHandler
                0x0000000008001688                ETH_WKUP_IRQHandler
                0x0000000008001688                SPI2_IRQHandler
                0x0000000008001688                OTG_HS_EP1_IN_IRQHandler
                0x0000000008001688                DMA1_Stream0_IRQHandler
                0x0000000008001688                CAN1_TX_IRQHandler
                0x0000000008001688                EXTI4_IRQHandler
                0x0000000008001688                ETH_IRQHandler
                0x0000000008001688                OTG_HS_EP1_OUT_IRQHandler
                0x0000000008001688                WWDG_IRQHandler
                0x0000000008001688                SPI6_IRQHandler
                0x0000000008001688                TIM2_IRQHandler
                0x0000000008001688                OTG_FS_WKUP_IRQHandler
                0x0000000008001688                TIM1_TRG_COM_TIM11_IRQHandler
                0x0000000008001688                OTG_HS_IRQHandler
                0x0000000008001688                DMA2D_IRQHandler
                0x0000000008001688                EXTI1_IRQHandler
                0x0000000008001688                UART7_IRQHandler
                0x0000000008001688                USART2_IRQHandler
                0x0000000008001688                I2C2_ER_IRQHandler
                0x0000000008001688                DMA2_Stream1_IRQHandler
                0x0000000008001688                CAN1_SCE_IRQHandler
                0x0000000008001688                FLASH_IRQHandler
                0x0000000008001688                DMA2_Stream4_IRQHandler
                0x0000000008001688                USART1_IRQHandler
                0x0000000008001688                OTG_FS_IRQHandler
                0x0000000008001688                DMA1_Stream4_IRQHandler
                0x0000000008001688                I2C1_ER_IRQHandler
                0x0000000008001688                FMC_IRQHandler
                0x0000000008001688                DMA2_Stream6_IRQHandler
                0x0000000008001688                SAI1_IRQHandler
                0x0000000008001688                DMA1_Stream3_IRQHandler
 *fill*         0x000000000800168a        0x2 
 .text.HAL_Init
                0x000000000800168c       0x44 ./Drivers/STM32F4xx_HAL_Driver/Src/stm32f4xx_hal.o
                0x000000000800168c                HAL_Init
 .text.HAL_InitTick
                0x00000000080016d0       0x60 ./Drivers/STM32F4xx_HAL_Driver/Src/stm32f4xx_hal.o
                0x00000000080016d0                HAL_InitTick
 .text.HAL_IncTick
                0x0000000008001730       0x28 ./Drivers/STM32F4xx_HAL_Driver/Src/stm32f4xx_hal.o
                0x0000000008001730                HAL_IncTick
 .text.HAL_GetTick
                0x0000000008001758       0x18 ./Drivers/STM32F4xx_HAL_Driver/Src/stm32f4xx_hal.o
                0x0000000008001758                HAL_GetTick
 .text.HAL_Delay
                0x0000000008001770       0x48 ./Drivers/STM32F4xx_HAL_Driver/Src/stm32f4xx_hal.o
                0x0000000008001770                HAL_Delay
 .text.__NVIC_SetPriorityGrouping
                0x00000000080017b8       0x48 ./Drivers/STM32F4xx_HAL_Driver/Src/stm32f4xx_hal_cortex.o
 .text.__NVIC_GetPriorityGrouping
                0x0000000008001800       0x1c ./Drivers/STM32F4xx_HAL_Driver/Src/stm32f4xx_hal_cortex.o
 .text.__NVIC_EnableIRQ
                0x000000000800181c       0x3c ./Drivers/STM32F4xx_HAL_Driver/Src/stm32f4xx_hal_cortex.o
 .text.__NVIC_SetPriority
                0x0000000008001858       0x54 ./Drivers/STM32F4xx_HAL_Driver/Src/stm32f4xx_hal_cortex.o
 .text.NVIC_EncodePriority
                0x00000000080018ac       0x66 ./Drivers/STM32F4xx_HAL_Driver/Src/stm32f4xx_hal_cortex.o
 *fill*         0x0000000008001912        0x2 
 .text.SysTick_Config
                0x0000000008001914       0x44 ./Drivers/STM32F4xx_HAL_Driver/Src/stm32f4xx_hal_cortex.o
 .text.HAL_NVIC_SetPriorityGrouping
                0x0000000008001958       0x16 ./Drivers/STM32F4xx_HAL_Driver/Src/stm32f4xx_hal_cortex.o
                0x0000000008001958                HAL_NVIC_SetPriorityGrouping
 .text.HAL_NVIC_SetPriority
                0x000000000800196e       0x38 ./Drivers/STM32F4xx_HAL_Driver/Src/stm32f4xx_hal_cortex.o
                0x000000000800196e                HAL_NVIC_SetPriority
 .text.HAL_NVIC_EnableIRQ
                0x00000000080019a6       0x1c ./Drivers/STM32F4xx_HAL_Driver/Src/stm32f4xx_hal_cortex.o
                0x00000000080019a6                HAL_NVIC_EnableIRQ
 .text.HAL_SYSTICK_Config
                0x00000000080019c2       0x18 ./Drivers/STM32F4xx_HAL_Driver/Src/stm32f4xx_hal_cortex.o
                0x00000000080019c2                HAL_SYSTICK_Config
 .text.HAL_DMA_Abort
                0x00000000080019da       0xe0 ./Drivers/STM32F4xx_HAL_Driver/Src/stm32f4xx_hal_dma.o
                0x00000000080019da                HAL_DMA_Abort
 .text.HAL_DMA_Abort_IT
                0x0000000008001aba       0x44 ./Drivers/STM32F4xx_HAL_Driver/Src/stm32f4xx_hal_dma.o
                0x0000000008001aba                HAL_DMA_Abort_IT
 *fill*         0x0000000008001afe        0x2 
 .text.HAL_ETH_Init
                0x0000000008001b00       0xfc ./Drivers/STM32F4xx_HAL_Driver/Src/stm32f4xx_hal_eth.o
                0x0000000008001b00                HAL_ETH_Init
 .text.ETH_SetMACConfig
                0x0000000008001bfc      0x160 ./Drivers/STM32F4xx_HAL_Driver/Src/stm32f4xx_hal_eth.o
 .text.ETH_SetDMAConfig
                0x0000000008001d5c      0x114 ./Drivers/STM32F4xx_HAL_Driver/Src/stm32f4xx_hal_eth.o
 .text.ETH_MACDMAConfig
                0x0000000008001e70       0xe4 ./Drivers/STM32F4xx_HAL_Driver/Src/stm32f4xx_hal_eth.o
 .text.ETH_MACAddressConfig
                0x0000000008001f54       0x70 ./Drivers/STM32F4xx_HAL_Driver/Src/stm32f4xx_hal_eth.o
 .text.ETH_DMATxDescListInit
                0x0000000008001fc4       0xb2 ./Drivers/STM32F4xx_HAL_Driver/Src/stm32f4xx_hal_eth.o
 .text.ETH_DMARxDescListInit
                0x0000000008002076       0xda ./Drivers/STM32F4xx_HAL_Driver/Src/stm32f4xx_hal_eth.o
 .text.HAL_GPIO_Init
                0x0000000008002150      0x358 ./Drivers/STM32F4xx_HAL_Driver/Src/stm32f4xx_hal_gpio.o
                0x0000000008002150                HAL_GPIO_Init
 .text.HAL_GPIO_WritePin
                0x00000000080024a8       0x32 ./Drivers/STM32F4xx_HAL_Driver/Src/stm32f4xx_hal_gpio.o
                0x00000000080024a8                HAL_GPIO_WritePin
 *fill*         0x00000000080024da        0x2 
 .text.HAL_GPIO_EXTI_IRQHandler
                0x00000000080024dc       0x30 ./Drivers/STM32F4xx_HAL_Driver/Src/stm32f4xx_hal_gpio.o
                0x00000000080024dc                HAL_GPIO_EXTI_IRQHandler
 .text.HAL_PCD_Init
                0x000000000800250c      0x23a ./Drivers/STM32F4xx_HAL_Driver/Src/stm32f4xx_hal_pcd.o
                0x000000000800250c                HAL_PCD_Init
 *fill*         0x0000000008002746        0x2 
 .text.HAL_RCC_OscConfig
                0x0000000008002748      0x4f0 ./Drivers/STM32F4xx_HAL_Driver/Src/stm32f4xx_hal_rcc.o
                0x0000000008002748                HAL_RCC_OscConfig
 .text.HAL_RCC_ClockConfig
                0x0000000008002c38      0x1cc ./Drivers/STM32F4xx_HAL_Driver/Src/stm32f4xx_hal_rcc.o
                0x0000000008002c38                HAL_RCC_ClockConfig
 .text.HAL_RCC_GetSysClockFreq
                0x0000000008002e04      0x20c ./Drivers/STM32F4xx_HAL_Driver/Src/stm32f4xx_hal_rcc.o
                0x0000000008002e04                HAL_RCC_GetSysClockFreq
 .text.HAL_RCC_GetHCLKFreq
                0x0000000008003010       0x18 ./Drivers/STM32F4xx_HAL_Driver/Src/stm32f4xx_hal_rcc.o
                0x0000000008003010                HAL_RCC_GetHCLKFreq
 .text.HAL_RCC_GetPCLK1Freq
                0x0000000008003028       0x28 ./Drivers/STM32F4xx_HAL_Driver/Src/stm32f4xx_hal_rcc.o
                0x0000000008003028                HAL_RCC_GetPCLK1Freq
 .text.HAL_RCC_GetPCLK2Freq
                0x0000000008003050       0x28 ./Drivers/STM32F4xx_HAL_Driver/Src/stm32f4xx_hal_rcc.o
                0x0000000008003050                HAL_RCC_GetPCLK2Freq
 .text.HAL_SPI_Init
                0x0000000008003078      0x112 ./Drivers/STM32F4xx_HAL_Driver/Src/stm32f4xx_hal_spi.o
                0x0000000008003078                HAL_SPI_Init
 .text.HAL_SPI_Transmit
                0x000000000800318a      0x278 ./Drivers/STM32F4xx_HAL_Driver/Src/stm32f4xx_hal_spi.o
                0x000000000800318a                HAL_SPI_Transmit
 .text.HAL_SPI_Receive
                0x0000000008003402      0x222 ./Drivers/STM32F4xx_HAL_Driver/Src/stm32f4xx_hal_spi.o
                0x0000000008003402                HAL_SPI_Receive
 .text.HAL_SPI_TransmitReceive
                0x0000000008003624      0x344 ./Drivers/STM32F4xx_HAL_Driver/Src/stm32f4xx_hal_spi.o
                0x0000000008003624                HAL_SPI_TransmitReceive
 .text.HAL_SPI_IRQHandler
                0x0000000008003968      0x1e8 ./Drivers/STM32F4xx_HAL_Driver/Src/stm32f4xx_hal_spi.o
                0x0000000008003968                HAL_SPI_IRQHandler
 .text.HAL_SPI_ErrorCallback
                0x0000000008003b50       0x14 ./Drivers/STM32F4xx_HAL_Driver/Src/stm32f4xx_hal_spi.o
                0x0000000008003b50                HAL_SPI_ErrorCallback
 .text.SPI_DMAAbortOnError
                0x0000000008003b64       0x28 ./Drivers/STM32F4xx_HAL_Driver/Src/stm32f4xx_hal_spi.o
 .text.SPI_WaitFlagStateUntilTimeout
                0x0000000008003b8c      0x110 ./Drivers/STM32F4xx_HAL_Driver/Src/stm32f4xx_hal_spi.o
 .text.SPI_EndRxTransaction
                0x0000000008003c9c       0xca ./Drivers/STM32F4xx_HAL_Driver/Src/stm32f4xx_hal_spi.o
 *fill*         0x0000000008003d66        0x2 
 .text.SPI_EndRxTxTransaction
                0x0000000008003d68       0x84 ./Drivers/STM32F4xx_HAL_Driver/Src/stm32f4xx_hal_spi.o
 .text.HAL_UART_Init
                0x0000000008003dec       0x9a ./Drivers/STM32F4xx_HAL_Driver/Src/stm32f4xx_hal_uart.o
                0x0000000008003dec                HAL_UART_Init
 .text.HAL_UART_Transmit
                0x0000000008003e86      0x124 ./Drivers/STM32F4xx_HAL_Driver/Src/stm32f4xx_hal_uart.o
                0x0000000008003e86                HAL_UART_Transmit
 .text.HAL_UART_Receive_IT
                0x0000000008003faa       0x60 ./Drivers/STM32F4xx_HAL_Driver/Src/stm32f4xx_hal_uart.o
                0x0000000008003faa                HAL_UART_Receive_IT
 *fill*         0x000000000800400a        0x2 
 .text.HAL_UART_IRQHandler
                0x000000000800400c      0x51c ./Drivers/STM32F4xx_HAL_Driver/Src/stm32f4xx_hal_uart.o
                0x000000000800400c                HAL_UART_IRQHandler
 .text.HAL_UART_ErrorCallback
                0x0000000008004528       0x14 ./Drivers/STM32F4xx_HAL_Driver/Src/stm32f4xx_hal_uart.o
                0x0000000008004528                HAL_UART_ErrorCallback
 .text.HAL_UARTEx_RxEventCallback
                0x000000000800453c       0x18 ./Drivers/STM32F4xx_HAL_Driver/Src/stm32f4xx_hal_uart.o
                0x000000000800453c                HAL_UARTEx_RxEventCallback
 .text.UART_WaitOnFlagUntilTimeout
                0x0000000008004554       0xdc ./Drivers/STM32F4xx_HAL_Driver/Src/stm32f4xx_hal_uart.o
 .text.UART_Start_Receive_IT
                0x0000000008004630       0x7c ./Drivers/STM32F4xx_HAL_Driver/Src/stm32f4xx_hal_uart.o
                0x0000000008004630                UART_Start_Receive_IT
 .text.UART_EndRxTransfer
                0x00000000080046ac       0xc6 ./Drivers/STM32F4xx_HAL_Driver/Src/stm32f4xx_hal_uart.o
 .text.UART_DMAAbortOnError
                0x0000000008004772       0x28 ./Drivers/STM32F4xx_HAL_Driver/Src/stm32f4xx_hal_uart.o
 .text.UART_Transmit_IT
                0x000000000800479a       0xa0 ./Drivers/STM32F4xx_HAL_Driver/Src/stm32f4xx_hal_uart.o
 .text.UART_EndTransmit_IT
                0x000000000800483a       0x30 ./Drivers/STM32F4xx_HAL_Driver/Src/stm32f4xx_hal_uart.o
 .text.UART_Receive_IT
                0x000000000800486a      0x176 ./Drivers/STM32F4xx_HAL_Driver/Src/stm32f4xx_hal_uart.o
 .text.UART_SetConfig
                0x00000000080049e0      0x4e8 ./Drivers/STM32F4xx_HAL_Driver/Src/stm32f4xx_hal_uart.o
 .text.USB_CoreInit
                0x0000000008004ec8       0xc2 ./Drivers/STM32F4xx_HAL_Driver/Src/stm32f4xx_ll_usb.o
                0x0000000008004ec8                USB_CoreInit
 .text.USB_DisableGlobalInt
                0x0000000008004f8a       0x22 ./Drivers/STM32F4xx_HAL_Driver/Src/stm32f4xx_ll_usb.o
                0x0000000008004f8a                USB_DisableGlobalInt
 .text.USB_SetCurrentMode
                0x0000000008004fac       0x98 ./Drivers/STM32F4xx_HAL_Driver/Src/stm32f4xx_ll_usb.o
                0x0000000008004fac                USB_SetCurrentMode
 .text.USB_DevInit
                0x0000000008005044      0x2c8 ./Drivers/STM32F4xx_HAL_Driver/Src/stm32f4xx_ll_usb.o
                0x0000000008005044                USB_DevInit
 .text.USB_FlushTxFifo
                0x000000000800530c       0x68 ./Drivers/STM32F4xx_HAL_Driver/Src/stm32f4xx_ll_usb.o
                0x000000000800530c                USB_FlushTxFifo
 .text.USB_FlushRxFifo
                0x0000000008005374       0x60 ./Drivers/STM32F4xx_HAL_Driver/Src/stm32f4xx_ll_usb.o
                0x0000000008005374                USB_FlushRxFifo
 .text.USB_SetDevSpeed
                0x00000000080053d4       0x32 ./Drivers/STM32F4xx_HAL_Driver/Src/stm32f4xx_ll_usb.o
                0x00000000080053d4                USB_SetDevSpeed
 .text.USB_DevDisconnect
                0x0000000008005406       0x42 ./Drivers/STM32F4xx_HAL_Driver/Src/stm32f4xx_ll_usb.o
                0x0000000008005406                USB_DevDisconnect
 .text.USB_GetMode
                0x0000000008005448       0x1c ./Drivers/STM32F4xx_HAL_Driver/Src/stm32f4xx_ll_usb.o
                0x0000000008005448                USB_GetMode
 .text.USB_CoreReset
                0x0000000008005464       0x68 ./Drivers/STM32F4xx_HAL_Driver/Src/stm32f4xx_ll_usb.o
 .text.memset   0x00000000080054cc       0x10 C:/ST/STM32CubeIDE_1.12.1/STM32CubeIDE/plugins/com.st.stm32cube.ide.mcu.externaltools.gnu-tools-for-stm32.11.3.rel1.win32_1.1.1.202309131626/tools/bin/../lib/gcc/arm-none-eabi/11.3.1/../../../../arm-none-eabi/lib/thumb/v7e-m+fp/hard\libc_nano.a(libc_a-memset.o)
                0x00000000080054cc                memset
 .text.__libc_init_array
                0x00000000080054dc       0x48 C:/ST/STM32CubeIDE_1.12.1/STM32CubeIDE/plugins/com.st.stm32cube.ide.mcu.externaltools.gnu-tools-for-stm32.11.3.rel1.win32_1.1.1.202309131626/tools/bin/../lib/gcc/arm-none-eabi/11.3.1/../../../../arm-none-eabi/lib/thumb/v7e-m+fp/hard\libc_nano.a(libc_a-init.o)
                0x00000000080054dc                __libc_init_array
 *(.glue_7)
 .glue_7        0x0000000008005524        0x0 linker stubs
 *(.glue_7t)
 .glue_7t       0x0000000008005524        0x0 linker stubs
 *(.eh_frame)
 .eh_frame      0x0000000008005524        0x0 C:/ST/STM32CubeIDE_1.12.1/STM32CubeIDE/plugins/com.st.stm32cube.ide.mcu.externaltools.gnu-tools-for-stm32.11.3.rel1.win32_1.1.1.202309131626/tools/bin/../lib/gcc/arm-none-eabi/11.3.1/thumb/v7e-m+fp/hard/crtbegin.o
 *(.init)
 .init          0x0000000008005524        0x4 C:/ST/STM32CubeIDE_1.12.1/STM32CubeIDE/plugins/com.st.stm32cube.ide.mcu.externaltools.gnu-tools-for-stm32.11.3.rel1.win32_1.1.1.202309131626/tools/bin/../lib/gcc/arm-none-eabi/11.3.1/thumb/v7e-m+fp/hard/crti.o
                0x0000000008005524                _init
 .init          0x0000000008005528        0x8 C:/ST/STM32CubeIDE_1.12.1/STM32CubeIDE/plugins/com.st.stm32cube.ide.mcu.externaltools.gnu-tools-for-stm32.11.3.rel1.win32_1.1.1.202309131626/tools/bin/../lib/gcc/arm-none-eabi/11.3.1/thumb/v7e-m+fp/hard/crtn.o
 *(.fini)
 .fini          0x0000000008005530        0x4 C:/ST/STM32CubeIDE_1.12.1/STM32CubeIDE/plugins/com.st.stm32cube.ide.mcu.externaltools.gnu-tools-for-stm32.11.3.rel1.win32_1.1.1.202309131626/tools/bin/../lib/gcc/arm-none-eabi/11.3.1/thumb/v7e-m+fp/hard/crti.o
                0x0000000008005530                _fini
 .fini          0x0000000008005534        0x8 C:/ST/STM32CubeIDE_1.12.1/STM32CubeIDE/plugins/com.st.stm32cube.ide.mcu.externaltools.gnu-tools-for-stm32.11.3.rel1.win32_1.1.1.202309131626/tools/bin/../lib/gcc/arm-none-eabi/11.3.1/thumb/v7e-m+fp/hard/crtn.o
                0x000000000800553c                . = ALIGN (0x4)
                0x000000000800553c                _etext = .

.vfp11_veneer   0x000000000800553c        0x0
 .vfp11_veneer  0x000000000800553c        0x0 linker stubs

.v4_bx          0x000000000800553c        0x0
 .v4_bx         0x000000000800553c        0x0 linker stubs

.iplt           0x000000000800553c        0x0
 .iplt          0x000000000800553c        0x0 C:/ST/STM32CubeIDE_1.12.1/STM32CubeIDE/plugins/com.st.stm32cube.ide.mcu.externaltools.gnu-tools-for-stm32.11.3.rel1.win32_1.1.1.202309131626/tools/bin/../lib/gcc/arm-none-eabi/11.3.1/thumb/v7e-m+fp/hard/crtbegin.o

.rodata         0x000000000800553c       0x18
                0x000000000800553c                . = ALIGN (0x4)
 *(.rodata)
 *(.rodata*)
 .rodata.AHBPrescTable
                0x000000000800553c       0x10 ./Core/Src/system_stm32f4xx.o
                0x000000000800553c                AHBPrescTable
 .rodata.APBPrescTable
                0x000000000800554c        0x8 ./Core/Src/system_stm32f4xx.o
                0x000000000800554c                APBPrescTable
                0x0000000008005554                . = ALIGN (0x4)

.ARM.extab      0x0000000008005554        0x0
                0x0000000008005554                . = ALIGN (0x4)
 *(.ARM.extab* .gnu.linkonce.armextab.*)
                0x0000000008005554                . = ALIGN (0x4)

.ARM            0x0000000008005554        0x8
                0x0000000008005554                . = ALIGN (0x4)
                0x0000000008005554                __exidx_start = .
 *(.ARM.exidx*)
 .ARM.exidx     0x0000000008005554        0x8 C:/ST/STM32CubeIDE_1.12.1/STM32CubeIDE/plugins/com.st.stm32cube.ide.mcu.externaltools.gnu-tools-for-stm32.11.3.rel1.win32_1.1.1.202309131626/tools/bin/../lib/gcc/arm-none-eabi/11.3.1/thumb/v7e-m+fp/hard\libgcc.a(_udivmoddi4.o)
                0x000000000800555c                __exidx_end = .
                0x000000000800555c                . = ALIGN (0x4)

.rel.dyn        0x000000000800555c        0x0
 .rel.iplt      0x000000000800555c        0x0 C:/ST/STM32CubeIDE_1.12.1/STM32CubeIDE/plugins/com.st.stm32cube.ide.mcu.externaltools.gnu-tools-for-stm32.11.3.rel1.win32_1.1.1.202309131626/tools/bin/../lib/gcc/arm-none-eabi/11.3.1/thumb/v7e-m+fp/hard/crtbegin.o

.preinit_array  0x000000000800555c        0x0
                0x000000000800555c                . = ALIGN (0x4)
                0x000000000800555c                PROVIDE (__preinit_array_start = .)
 *(.preinit_array*)
                0x000000000800555c                PROVIDE (__preinit_array_end = .)
                0x000000000800555c                . = ALIGN (0x4)

.init_array     0x000000000800555c        0x4
                0x000000000800555c                . = ALIGN (0x4)
                0x000000000800555c                PROVIDE (__init_array_start = .)
 *(SORT_BY_NAME(.init_array.*))
 *(.init_array*)
 .init_array    0x000000000800555c        0x4 C:/ST/STM32CubeIDE_1.12.1/STM32CubeIDE/plugins/com.st.stm32cube.ide.mcu.externaltools.gnu-tools-for-stm32.11.3.rel1.win32_1.1.1.202309131626/tools/bin/../lib/gcc/arm-none-eabi/11.3.1/thumb/v7e-m+fp/hard/crtbegin.o
                0x0000000008005560                PROVIDE (__init_array_end = .)
                0x0000000008005560                . = ALIGN (0x4)

.fini_array     0x0000000008005560        0x4
                0x0000000008005560                . = ALIGN (0x4)
                [!provide]                        PROVIDE (__fini_array_start = .)
 *(SORT_BY_NAME(.fini_array.*))
 *(.fini_array*)
 .fini_array    0x0000000008005560        0x4 C:/ST/STM32CubeIDE_1.12.1/STM32CubeIDE/plugins/com.st.stm32cube.ide.mcu.externaltools.gnu-tools-for-stm32.11.3.rel1.win32_1.1.1.202309131626/tools/bin/../lib/gcc/arm-none-eabi/11.3.1/thumb/v7e-m+fp/hard/crtbegin.o
                [!provide]                        PROVIDE (__fini_array_end = .)
                0x0000000008005564                . = ALIGN (0x4)
                0x0000000008005564                _sidata = LOADADDR (.data)

.data           0x0000000020000000       0x54 load address 0x0000000008005564
                0x0000000020000000                . = ALIGN (0x4)
                0x0000000020000000                _sdata = .
 *(.data)
 *(.data*)
 .data.TxBuffer
                0x0000000020000000       0x48 ./Core/Src/main.o
                0x0000000020000000                TxBuffer
 .data.SystemCoreClock
                0x0000000020000048        0x4 ./Core/Src/system_stm32f4xx.o
                0x0000000020000048                SystemCoreClock
 .data.uwTickPrio
                0x000000002000004c        0x4 ./Drivers/STM32F4xx_HAL_Driver/Src/stm32f4xx_hal.o
                0x000000002000004c                uwTickPrio
 .data.uwTickFreq
                0x0000000020000050        0x1 ./Drivers/STM32F4xx_HAL_Driver/Src/stm32f4xx_hal.o
                0x0000000020000050                uwTickFreq
 *(.RamFunc)
 *(.RamFunc*)
                0x0000000020000054                . = ALIGN (0x4)
 *fill*         0x0000000020000051        0x3 
                0x0000000020000054                _edata = .
                0x00000000080055b8                _siccmram = LOADADDR (.ccmram)

.igot.plt       0x0000000020000054        0x0 load address 0x00000000080055b8
 .igot.plt      0x0000000020000054        0x0 C:/ST/STM32CubeIDE_1.12.1/STM32CubeIDE/plugins/com.st.stm32cube.ide.mcu.externaltools.gnu-tools-for-stm32.11.3.rel1.win32_1.1.1.202309131626/tools/bin/../lib/gcc/arm-none-eabi/11.3.1/thumb/v7e-m+fp/hard/crtbegin.o

.ccmram         0x0000000010000000        0x0 load address 0x00000000080055b8
                0x0000000010000000                . = ALIGN (0x4)
                0x0000000010000000                _sccmram = .
 *(.ccmram)
 *(.ccmram*)
                0x0000000010000000                . = ALIGN (0x4)
                0x0000000010000000                _eccmram = .
                0x0000000010000000                . = ALIGN (0x4)

.bss            0x0000000020000054      0x944
                0x0000000020000054                _sbss = .
                0x0000000020000054                __bss_start__ = _sbss
 *(.bss)
 .bss           0x0000000020000054       0x1c C:/ST/STM32CubeIDE_1.12.1/STM32CubeIDE/plugins/com.st.stm32cube.ide.mcu.externaltools.gnu-tools-for-stm32.11.3.rel1.win32_1.1.1.202309131626/tools/bin/../lib/gcc/arm-none-eabi/11.3.1/thumb/v7e-m+fp/hard/crtbegin.o
 *(.bss*)
 .bss.DMARxDscrTab
                0x0000000020000070       0xa0 ./Core/Src/eth.o
                0x0000000020000070                DMARxDscrTab
 .bss.DMATxDscrTab
                0x0000000020000110       0xa0 ./Core/Src/eth.o
                0x0000000020000110                DMATxDscrTab
 .bss.TxConfig  0x00000000200001b0       0x38 ./Core/Src/eth.o
                0x00000000200001b0                TxConfig
 .bss.heth      0x00000000200001e8       0xb0 ./Core/Src/eth.o
                0x00000000200001e8                heth
 .bss.MACAddr.0
                0x0000000020000298        0x6 ./Core/Src/eth.o
 *fill*         0x000000002000029e        0x2 
 .bss.RxBuffer  0x00000000200002a0       0xff ./Core/Src/main.o
                0x00000000200002a0                RxBuffer
 *fill*         0x000000002000039f        0x1 
 .bss.rx_data   0x00000000200003a0        0x8 ./Core/Src/main.o
                0x00000000200003a0                rx_data
 .bss.hspi3     0x00000000200003a8       0x58 ./Core/Src/spi.o
                0x00000000200003a8                hspi3
 .bss.huart3    0x0000000020000400       0x44 ./Core/Src/usart.o
                0x0000000020000400                huart3
 .bss.huart6    0x0000000020000444       0x44 ./Core/Src/usart.o
                0x0000000020000444                huart6
 .bss.hpcd_USB_OTG_FS
                0x0000000020000488      0x50c ./Core/Src/usb_otg.o
                0x0000000020000488                hpcd_USB_OTG_FS
 .bss.uwTick    0x0000000020000994        0x4 ./Drivers/STM32F4xx_HAL_Driver/Src/stm32f4xx_hal.o
                0x0000000020000994                uwTick
 *(COMMON)
                0x0000000020000998                . = ALIGN (0x4)
                0x0000000020000998                _ebss = .
                0x0000000020000998                __bss_end__ = _ebss

._user_heap_stack
                0x0000000020000998      0x600
                0x0000000020000998                . = ALIGN (0x8)
                [!provide]                        PROVIDE (end = .)
                0x0000000020000998                PROVIDE (_end = .)
                0x0000000020000b98                . = (. + _Min_Heap_Size)
 *fill*         0x0000000020000998      0x200 
                0x0000000020000f98                . = (. + _Min_Stack_Size)
 *fill*         0x0000000020000b98      0x400 
                0x0000000020000f98                . = ALIGN (0x8)

/DISCARD/
 libc.a(*)
 libm.a(*)
 libgcc.a(*)

.ARM.attributes
                0x0000000000000000       0x30
 *(.ARM.attributes)
 .ARM.attributes
                0x0000000000000000       0x1e C:/ST/STM32CubeIDE_1.12.1/STM32CubeIDE/plugins/com.st.stm32cube.ide.mcu.externaltools.gnu-tools-for-stm32.11.3.rel1.win32_1.1.1.202309131626/tools/bin/../lib/gcc/arm-none-eabi/11.3.1/thumb/v7e-m+fp/hard/crti.o
 .ARM.attributes
                0x000000000000001e       0x34 C:/ST/STM32CubeIDE_1.12.1/STM32CubeIDE/plugins/com.st.stm32cube.ide.mcu.externaltools.gnu-tools-for-stm32.11.3.rel1.win32_1.1.1.202309131626/tools/bin/../lib/gcc/arm-none-eabi/11.3.1/thumb/v7e-m+fp/hard/crtbegin.o
 .ARM.attributes
                0x0000000000000052       0x34 ./Core/Src/eth.o
 .ARM.attributes
                0x0000000000000086       0x34 ./Core/Src/gpio.o
 .ARM.attributes
                0x00000000000000ba       0x34 ./Core/Src/main.o
 .ARM.attributes
                0x00000000000000ee       0x34 ./Core/Src/nrf24l01p.o
 .ARM.attributes
                0x0000000000000122       0x34 ./Core/Src/spi.o
 .ARM.attributes
                0x0000000000000156       0x34 ./Core/Src/stm32f4xx_hal_msp.o
 .ARM.attributes
                0x000000000000018a       0x34 ./Core/Src/stm32f4xx_it.o
 .ARM.attributes
                0x00000000000001be       0x34 ./Core/Src/system_stm32f4xx.o
 .ARM.attributes
                0x00000000000001f2       0x34 ./Core/Src/usart.o
 .ARM.attributes
                0x0000000000000226       0x34 ./Core/Src/usb_otg.o
 .ARM.attributes
                0x000000000000025a       0x21 ./Core/Startup/startup_stm32f429zitx.o
 .ARM.attributes
                0x000000000000027b       0x34 ./Drivers/STM32F4xx_HAL_Driver/Src/stm32f4xx_hal.o
 .ARM.attributes
                0x00000000000002af       0x34 ./Drivers/STM32F4xx_HAL_Driver/Src/stm32f4xx_hal_cortex.o
 .ARM.attributes
                0x00000000000002e3       0x34 ./Drivers/STM32F4xx_HAL_Driver/Src/stm32f4xx_hal_dma.o
 .ARM.attributes
                0x0000000000000317       0x34 ./Drivers/STM32F4xx_HAL_Driver/Src/stm32f4xx_hal_eth.o
 .ARM.attributes
                0x000000000000034b       0x34 ./Drivers/STM32F4xx_HAL_Driver/Src/stm32f4xx_hal_gpio.o
 .ARM.attributes
                0x000000000000037f       0x34 ./Drivers/STM32F4xx_HAL_Driver/Src/stm32f4xx_hal_pcd.o
 .ARM.attributes
                0x00000000000003b3       0x34 ./Drivers/STM32F4xx_HAL_Driver/Src/stm32f4xx_hal_rcc.o
 .ARM.attributes
                0x00000000000003e7       0x34 ./Drivers/STM32F4xx_HAL_Driver/Src/stm32f4xx_hal_spi.o
 .ARM.attributes
                0x000000000000041b       0x34 ./Drivers/STM32F4xx_HAL_Driver/Src/stm32f4xx_hal_uart.o
 .ARM.attributes
                0x000000000000044f       0x34 ./Drivers/STM32F4xx_HAL_Driver/Src/stm32f4xx_ll_usb.o
 .ARM.attributes
                0x0000000000000483       0x34 C:/ST/STM32CubeIDE_1.12.1/STM32CubeIDE/plugins/com.st.stm32cube.ide.mcu.externaltools.gnu-tools-for-stm32.11.3.rel1.win32_1.1.1.202309131626/tools/bin/../lib/gcc/arm-none-eabi/11.3.1/../../../../arm-none-eabi/lib/thumb/v7e-m+fp/hard\libc_nano.a(libc_a-memset.o)
 .ARM.attributes
                0x00000000000004b7       0x34 C:/ST/STM32CubeIDE_1.12.1/STM32CubeIDE/plugins/com.st.stm32cube.ide.mcu.externaltools.gnu-tools-for-stm32.11.3.rel1.win32_1.1.1.202309131626/tools/bin/../lib/gcc/arm-none-eabi/11.3.1/../../../../arm-none-eabi/lib/thumb/v7e-m+fp/hard\libc_nano.a(libc_a-init.o)
 .ARM.attributes
                0x00000000000004eb       0x1e C:/ST/STM32CubeIDE_1.12.1/STM32CubeIDE/plugins/com.st.stm32cube.ide.mcu.externaltools.gnu-tools-for-stm32.11.3.rel1.win32_1.1.1.202309131626/tools/bin/../lib/gcc/arm-none-eabi/11.3.1/thumb/v7e-m+fp/hard\libgcc.a(_aeabi_uldivmod.o)
 .ARM.attributes
                0x0000000000000509       0x34 C:/ST/STM32CubeIDE_1.12.1/STM32CubeIDE/plugins/com.st.stm32cube.ide.mcu.externaltools.gnu-tools-for-stm32.11.3.rel1.win32_1.1.1.202309131626/tools/bin/../lib/gcc/arm-none-eabi/11.3.1/thumb/v7e-m+fp/hard\libgcc.a(_udivmoddi4.o)
 .ARM.attributes
                0x000000000000053d       0x1e C:/ST/STM32CubeIDE_1.12.1/STM32CubeIDE/plugins/com.st.stm32cube.ide.mcu.externaltools.gnu-tools-for-stm32.11.3.rel1.win32_1.1.1.202309131626/tools/bin/../lib/gcc/arm-none-eabi/11.3.1/thumb/v7e-m+fp/hard\libgcc.a(_dvmd_tls.o)
 .ARM.attributes
                0x000000000000055b       0x1e C:/ST/STM32CubeIDE_1.12.1/STM32CubeIDE/plugins/com.st.stm32cube.ide.mcu.externaltools.gnu-tools-for-stm32.11.3.rel1.win32_1.1.1.202309131626/tools/bin/../lib/gcc/arm-none-eabi/11.3.1/thumb/v7e-m+fp/hard/crtn.o
OUTPUT(RCCar.elf elf32-littlearm)
LOAD linker stubs
LOAD C:/ST/STM32CubeIDE_1.12.1/STM32CubeIDE/plugins/com.st.stm32cube.ide.mcu.externaltools.gnu-tools-for-stm32.11.3.rel1.win32_1.1.1.202309131626/tools/bin/../lib/gcc/arm-none-eabi/11.3.1/../../../../arm-none-eabi/lib/thumb/v7e-m+fp/hard\libc.a
LOAD C:/ST/STM32CubeIDE_1.12.1/STM32CubeIDE/plugins/com.st.stm32cube.ide.mcu.externaltools.gnu-tools-for-stm32.11.3.rel1.win32_1.1.1.202309131626/tools/bin/../lib/gcc/arm-none-eabi/11.3.1/../../../../arm-none-eabi/lib/thumb/v7e-m+fp/hard\libm.a
LOAD C:/ST/STM32CubeIDE_1.12.1/STM32CubeIDE/plugins/com.st.stm32cube.ide.mcu.externaltools.gnu-tools-for-stm32.11.3.rel1.win32_1.1.1.202309131626/tools/bin/../lib/gcc/arm-none-eabi/11.3.1/thumb/v7e-m+fp/hard\libgcc.a

.comment        0x0000000000000000       0x43
 .comment       0x0000000000000000       0x43 C:/ST/STM32CubeIDE_1.12.1/STM32CubeIDE/plugins/com.st.stm32cube.ide.mcu.externaltools.gnu-tools-for-stm32.11.3.rel1.win32_1.1.1.202309131626/tools/bin/../lib/gcc/arm-none-eabi/11.3.1/thumb/v7e-m+fp/hard/crtbegin.o
                                         0x44 (size before relaxing)
 .comment       0x0000000000000043       0x44 ./Core/Src/eth.o
 .comment       0x0000000000000043       0x44 ./Core/Src/gpio.o
 .comment       0x0000000000000043       0x44 ./Core/Src/main.o
 .comment       0x0000000000000043       0x44 ./Core/Src/nrf24l01p.o
 .comment       0x0000000000000043       0x44 ./Core/Src/spi.o
 .comment       0x0000000000000043       0x44 ./Core/Src/stm32f4xx_hal_msp.o
 .comment       0x0000000000000043       0x44 ./Core/Src/stm32f4xx_it.o
 .comment       0x0000000000000043       0x44 ./Core/Src/system_stm32f4xx.o
 .comment       0x0000000000000043       0x44 ./Core/Src/usart.o
 .comment       0x0000000000000043       0x44 ./Core/Src/usb_otg.o
 .comment       0x0000000000000043       0x44 ./Drivers/STM32F4xx_HAL_Driver/Src/stm32f4xx_hal.o
 .comment       0x0000000000000043       0x44 ./Drivers/STM32F4xx_HAL_Driver/Src/stm32f4xx_hal_cortex.o
 .comment       0x0000000000000043       0x44 ./Drivers/STM32F4xx_HAL_Driver/Src/stm32f4xx_hal_dma.o
 .comment       0x0000000000000043       0x44 ./Drivers/STM32F4xx_HAL_Driver/Src/stm32f4xx_hal_eth.o
 .comment       0x0000000000000043       0x44 ./Drivers/STM32F4xx_HAL_Driver/Src/stm32f4xx_hal_gpio.o
 .comment       0x0000000000000043       0x44 ./Drivers/STM32F4xx_HAL_Driver/Src/stm32f4xx_hal_pcd.o
 .comment       0x0000000000000043       0x44 ./Drivers/STM32F4xx_HAL_Driver/Src/stm32f4xx_hal_rcc.o
 .comment       0x0000000000000043       0x44 ./Drivers/STM32F4xx_HAL_Driver/Src/stm32f4xx_hal_spi.o
 .comment       0x0000000000000043       0x44 ./Drivers/STM32F4xx_HAL_Driver/Src/stm32f4xx_hal_uart.o
 .comment       0x0000000000000043       0x44 ./Drivers/STM32F4xx_HAL_Driver/Src/stm32f4xx_ll_usb.o

.debug_info     0x0000000000000000    0x12707
 .debug_info    0x0000000000000000      0xf3c ./Core/Src/eth.o
 .debug_info    0x0000000000000f3c      0x704 ./Core/Src/gpio.o
 .debug_info    0x0000000000001640      0xc88 ./Core/Src/main.o
 .debug_info    0x00000000000022c8      0xe1f ./Core/Src/nrf24l01p.o
 .debug_info    0x00000000000030e7      0xc01 ./Core/Src/spi.o
 .debug_info    0x0000000000003ce8      0x281 ./Core/Src/stm32f4xx_hal_msp.o
 .debug_info    0x0000000000003f69      0x8ed ./Core/Src/stm32f4xx_it.o
 .debug_info    0x0000000000004856      0x52e ./Core/Src/system_stm32f4xx.o
 .debug_info    0x0000000000004d84      0xc15 ./Core/Src/usart.o
 .debug_info    0x0000000000005999      0x933 ./Core/Src/usb_otg.o
 .debug_info    0x00000000000062cc       0x23 ./Core/Startup/startup_stm32f429zitx.o
 .debug_info    0x00000000000062ef      0x9be ./Drivers/STM32F4xx_HAL_Driver/Src/stm32f4xx_hal.o
 .debug_info    0x0000000000006cad      0xd7c ./Drivers/STM32F4xx_HAL_Driver/Src/stm32f4xx_hal_cortex.o
 .debug_info    0x0000000000007a29      0x8e7 ./Drivers/STM32F4xx_HAL_Driver/Src/stm32f4xx_hal_dma.o
 .debug_info    0x0000000000008310     0x2069 ./Drivers/STM32F4xx_HAL_Driver/Src/stm32f4xx_hal_eth.o
 .debug_info    0x000000000000a379      0x6db ./Drivers/STM32F4xx_HAL_Driver/Src/stm32f4xx_hal_gpio.o
 .debug_info    0x000000000000aa54     0x1541 ./Drivers/STM32F4xx_HAL_Driver/Src/stm32f4xx_hal_pcd.o
 .debug_info    0x000000000000bf95      0x8c9 ./Drivers/STM32F4xx_HAL_Driver/Src/stm32f4xx_hal_rcc.o
 .debug_info    0x000000000000c85e     0x15fb ./Drivers/STM32F4xx_HAL_Driver/Src/stm32f4xx_hal_spi.o
 .debug_info    0x000000000000de59     0x2fb8 ./Drivers/STM32F4xx_HAL_Driver/Src/stm32f4xx_hal_uart.o
 .debug_info    0x0000000000010e11     0x18f6 ./Drivers/STM32F4xx_HAL_Driver/Src/stm32f4xx_ll_usb.o

.debug_abbrev   0x0000000000000000     0x2d65
 .debug_abbrev  0x0000000000000000      0x249 ./Core/Src/eth.o
 .debug_abbrev  0x0000000000000249      0x174 ./Core/Src/gpio.o
 .debug_abbrev  0x00000000000003bd      0x270 ./Core/Src/main.o
 .debug_abbrev  0x000000000000062d      0x32c ./Core/Src/nrf24l01p.o
 .debug_abbrev  0x0000000000000959      0x212 ./Core/Src/spi.o
 .debug_abbrev  0x0000000000000b6b       0xd8 ./Core/Src/stm32f4xx_hal_msp.o
 .debug_abbrev  0x0000000000000c43      0x19d ./Core/Src/stm32f4xx_it.o
 .debug_abbrev  0x0000000000000de0      0x11a ./Core/Src/system_stm32f4xx.o
 .debug_abbrev  0x0000000000000efa      0x21e ./Core/Src/usart.o
 .debug_abbrev  0x0000000000001118      0x219 ./Core/Src/usb_otg.o
 .debug_abbrev  0x0000000000001331       0x12 ./Core/Startup/startup_stm32f429zitx.o
 .debug_abbrev  0x0000000000001343      0x213 ./Drivers/STM32F4xx_HAL_Driver/Src/stm32f4xx_hal.o
 .debug_abbrev  0x0000000000001556      0x327 ./Drivers/STM32F4xx_HAL_Driver/Src/stm32f4xx_hal_cortex.o
 .debug_abbrev  0x000000000000187d      0x264 ./Drivers/STM32F4xx_HAL_Driver/Src/stm32f4xx_hal_dma.o
 .debug_abbrev  0x0000000000001ae1      0x2ec ./Drivers/STM32F4xx_HAL_Driver/Src/stm32f4xx_hal_eth.o
 .debug_abbrev  0x0000000000001dcd      0x1d4 ./Drivers/STM32F4xx_HAL_Driver/Src/stm32f4xx_hal_gpio.o
 .debug_abbrev  0x0000000000001fa1      0x2d0 ./Drivers/STM32F4xx_HAL_Driver/Src/stm32f4xx_hal_pcd.o
 .debug_abbrev  0x0000000000002271      0x2b6 ./Drivers/STM32F4xx_HAL_Driver/Src/stm32f4xx_hal_rcc.o
 .debug_abbrev  0x0000000000002527      0x284 ./Drivers/STM32F4xx_HAL_Driver/Src/stm32f4xx_hal_spi.o
 .debug_abbrev  0x00000000000027ab      0x30e ./Drivers/STM32F4xx_HAL_Driver/Src/stm32f4xx_hal_uart.o
 .debug_abbrev  0x0000000000002ab9      0x2ac ./Drivers/STM32F4xx_HAL_Driver/Src/stm32f4xx_ll_usb.o

.debug_aranges  0x0000000000000000      0xfa8
 .debug_aranges
                0x0000000000000000       0x30 ./Core/Src/eth.o
 .debug_aranges
                0x0000000000000030       0x20 ./Core/Src/gpio.o
 .debug_aranges
                0x0000000000000050       0x90 ./Core/Src/main.o
 .debug_aranges
                0x00000000000000e0      0x120 ./Core/Src/nrf24l01p.o
 .debug_aranges
                0x0000000000000200       0x30 ./Core/Src/spi.o
 .debug_aranges
                0x0000000000000230       0x20 ./Core/Src/stm32f4xx_hal_msp.o
 .debug_aranges
                0x0000000000000250       0x80 ./Core/Src/stm32f4xx_it.o
 .debug_aranges
                0x00000000000002d0       0x28 ./Core/Src/system_stm32f4xx.o
 .debug_aranges
                0x00000000000002f8       0x38 ./Core/Src/usart.o
 .debug_aranges
                0x0000000000000330       0x30 ./Core/Src/usb_otg.o
 .debug_aranges
                0x0000000000000360       0x28 ./Core/Startup/startup_stm32f429zitx.o
 .debug_aranges
                0x0000000000000388      0x100 ./Drivers/STM32F4xx_HAL_Driver/Src/stm32f4xx_hal.o
 .debug_aranges
                0x0000000000000488      0x118 ./Drivers/STM32F4xx_HAL_Driver/Src/stm32f4xx_hal_cortex.o
 .debug_aranges
                0x00000000000005a0       0x90 ./Drivers/STM32F4xx_HAL_Driver/Src/stm32f4xx_hal_dma.o
 .debug_aranges
                0x0000000000000630      0x1e0 ./Drivers/STM32F4xx_HAL_Driver/Src/stm32f4xx_hal_eth.o
 .debug_aranges
                0x0000000000000810       0x58 ./Drivers/STM32F4xx_HAL_Driver/Src/stm32f4xx_hal_gpio.o
 .debug_aranges
                0x0000000000000868      0x148 ./Drivers/STM32F4xx_HAL_Driver/Src/stm32f4xx_hal_pcd.o
 .debug_aranges
                0x00000000000009b0       0x88 ./Drivers/STM32F4xx_HAL_Driver/Src/stm32f4xx_hal_rcc.o
 .debug_aranges
                0x0000000000000a38      0x1d0 ./Drivers/STM32F4xx_HAL_Driver/Src/stm32f4xx_hal_spi.o
 .debug_aranges
                0x0000000000000c08      0x200 ./Drivers/STM32F4xx_HAL_Driver/Src/stm32f4xx_hal_uart.o
 .debug_aranges
                0x0000000000000e08      0x1a0 ./Drivers/STM32F4xx_HAL_Driver/Src/stm32f4xx_ll_usb.o

.debug_rnglists
                0x0000000000000000      0xbfc
 .debug_rnglists
                0x0000000000000000       0x21 ./Core/Src/eth.o
 .debug_rnglists
                0x0000000000000021       0x14 ./Core/Src/gpio.o
 .debug_rnglists
                0x0000000000000035       0x68 ./Core/Src/main.o
 .debug_rnglists
                0x000000000000009d       0xd4 ./Core/Src/nrf24l01p.o
 .debug_rnglists
                0x0000000000000171       0x20 ./Core/Src/spi.o
 .debug_rnglists
                0x0000000000000191       0x13 ./Core/Src/stm32f4xx_hal_msp.o
 .debug_rnglists
                0x00000000000001a4       0x5b ./Core/Src/stm32f4xx_it.o
 .debug_rnglists
                0x00000000000001ff       0x1a ./Core/Src/system_stm32f4xx.o
 .debug_rnglists
                0x0000000000000219       0x26 ./Core/Src/usart.o
 .debug_rnglists
                0x000000000000023f       0x20 ./Core/Src/usb_otg.o
 .debug_rnglists
                0x000000000000025f       0x19 ./Core/Startup/startup_stm32f429zitx.o
 .debug_rnglists
                0x0000000000000278       0xbb ./Drivers/STM32F4xx_HAL_Driver/Src/stm32f4xx_hal.o
 .debug_rnglists
                0x0000000000000333       0xce ./Drivers/STM32F4xx_HAL_Driver/Src/stm32f4xx_hal_cortex.o
 .debug_rnglists
                0x0000000000000401       0x70 ./Drivers/STM32F4xx_HAL_Driver/Src/stm32f4xx_hal_dma.o
 .debug_rnglists
                0x0000000000000471      0x17c ./Drivers/STM32F4xx_HAL_Driver/Src/stm32f4xx_hal_eth.o
 .debug_rnglists
                0x00000000000005ed       0x3f ./Drivers/STM32F4xx_HAL_Driver/Src/stm32f4xx_hal_gpio.o
 .debug_rnglists
                0x000000000000062c       0xfc ./Drivers/STM32F4xx_HAL_Driver/Src/stm32f4xx_hal_pcd.o
 .debug_rnglists
                0x0000000000000728       0x66 ./Drivers/STM32F4xx_HAL_Driver/Src/stm32f4xx_hal_rcc.o
 .debug_rnglists
                0x000000000000078e      0x16f ./Drivers/STM32F4xx_HAL_Driver/Src/stm32f4xx_hal_spi.o
 .debug_rnglists
                0x00000000000008fd      0x1b7 ./Drivers/STM32F4xx_HAL_Driver/Src/stm32f4xx_hal_uart.o
 .debug_rnglists
                0x0000000000000ab4      0x148 ./Drivers/STM32F4xx_HAL_Driver/Src/stm32f4xx_ll_usb.o

.debug_macro    0x0000000000000000    0x250dd
 .debug_macro   0x0000000000000000      0x2d9 ./Core/Src/eth.o
 .debug_macro   0x00000000000002d9      0xaa8 ./Core/Src/eth.o
 .debug_macro   0x0000000000000d81      0x2a7 ./Core/Src/eth.o
 .debug_macro   0x0000000000001028       0x2e ./Core/Src/eth.o
 .debug_macro   0x0000000000001056       0x28 ./Core/Src/eth.o
 .debug_macro   0x000000000000107e       0x22 ./Core/Src/eth.o
 .debug_macro   0x00000000000010a0       0x8e ./Core/Src/eth.o
 .debug_macro   0x000000000000112e       0x51 ./Core/Src/eth.o
 .debug_macro   0x000000000000117f      0x103 ./Core/Src/eth.o
 .debug_macro   0x0000000000001282       0x6a ./Core/Src/eth.o
 .debug_macro   0x00000000000012ec      0x1df ./Core/Src/eth.o
 .debug_macro   0x00000000000014cb       0x1c ./Core/Src/eth.o
 .debug_macro   0x00000000000014e7       0x22 ./Core/Src/eth.o
 .debug_macro   0x0000000000001509       0xd9 ./Core/Src/eth.o
 .debug_macro   0x00000000000015e2     0x102d ./Core/Src/eth.o
 .debug_macro   0x000000000000260f      0x11f ./Core/Src/eth.o
 .debug_macro   0x000000000000272e    0x17fc0 ./Core/Src/eth.o
 .debug_macro   0x000000000001a6ee       0x6d ./Core/Src/eth.o
 .debug_macro   0x000000000001a75b     0x36f5 ./Core/Src/eth.o
 .debug_macro   0x000000000001de50      0x174 ./Core/Src/eth.o
 .debug_macro   0x000000000001dfc4       0x5c ./Core/Src/eth.o
 .debug_macro   0x000000000001e020      0xca5 ./Core/Src/eth.o
 .debug_macro   0x000000000001ecc5      0x9fe ./Core/Src/eth.o
 .debug_macro   0x000000000001f6c3      0x115 ./Core/Src/eth.o
 .debug_macro   0x000000000001f7d8      0x156 ./Core/Src/eth.o
 .debug_macro   0x000000000001f92e       0xa5 ./Core/Src/eth.o
 .debug_macro   0x000000000001f9d3      0x182 ./Core/Src/eth.o
 .debug_macro   0x000000000001fb55      0x287 ./Core/Src/eth.o
 .debug_macro   0x000000000001fddc       0x5f ./Core/Src/eth.o
 .debug_macro   0x000000000001fe3b      0x236 ./Core/Src/eth.o
 .debug_macro   0x0000000000020071      0xd44 ./Core/Src/eth.o
 .debug_macro   0x0000000000020db5      0x132 ./Core/Src/eth.o
 .debug_macro   0x0000000000020ee7      0x41d ./Core/Src/eth.o
 .debug_macro   0x0000000000021304       0x2e ./Core/Src/eth.o
 .debug_macro   0x0000000000021332      0x11a ./Core/Src/eth.o
 .debug_macro   0x000000000002144c       0xe2 ./Core/Src/eth.o
 .debug_macro   0x000000000002152e       0x89 ./Core/Src/eth.o
 .debug_macro   0x00000000000215b7      0x225 ./Core/Src/eth.o
 .debug_macro   0x00000000000217dc      0x295 ./Core/Src/eth.o
 .debug_macro   0x0000000000021a71      0x248 ./Core/Src/eth.o
 .debug_macro   0x0000000000021cb9       0xba ./Core/Src/eth.o
 .debug_macro   0x0000000000021d73      0x134 ./Core/Src/eth.o
 .debug_macro   0x0000000000021ea7      0x160 ./Core/Src/eth.o
 .debug_macro   0x0000000000022007       0x61 ./Core/Src/eth.o
 .debug_macro   0x0000000000022068       0x2a ./Core/Src/eth.o
 .debug_macro   0x0000000000022092       0x43 ./Core/Src/eth.o
 .debug_macro   0x00000000000220d5       0x34 ./Core/Src/eth.o
 .debug_macro   0x0000000000022109       0x16 ./Core/Src/eth.o
 .debug_macro   0x000000000002211f       0x43 ./Core/Src/eth.o
 .debug_macro   0x0000000000022162       0x34 ./Core/Src/eth.o
 .debug_macro   0x0000000000022196       0x10 ./Core/Src/eth.o
 .debug_macro   0x00000000000221a6       0x58 ./Core/Src/eth.o
 .debug_macro   0x00000000000221fe       0x8e ./Core/Src/eth.o
 .debug_macro   0x000000000002228c       0x1c ./Core/Src/eth.o
 .debug_macro   0x00000000000222a8      0x177 ./Core/Src/eth.o
 .debug_macro   0x000000000002241f      0x369 ./Core/Src/eth.o
 .debug_macro   0x0000000000022788       0x10 ./Core/Src/eth.o
 .debug_macro   0x0000000000022798       0x35 ./Core/Src/eth.o
 .debug_macro   0x00000000000227cd       0x20 ./Core/Src/eth.o
 .debug_macro   0x00000000000227ed      0x20b ./Core/Src/gpio.o
 .debug_macro   0x00000000000229f8      0x265 ./Core/Src/main.o
 .debug_macro   0x0000000000022c5d       0x22 ./Core/Src/main.o
 .debug_macro   0x0000000000022c7f      0x122 ./Core/Src/main.o
 .debug_macro   0x0000000000022da1      0x223 ./Core/Src/nrf24l01p.o
 .debug_macro   0x0000000000022fc4      0x20b ./Core/Src/spi.o
 .debug_macro   0x00000000000231cf      0x201 ./Core/Src/stm32f4xx_hal_msp.o
 .debug_macro   0x00000000000233d0      0x20b ./Core/Src/stm32f4xx_it.o
 .debug_macro   0x00000000000235db      0x1f2 ./Core/Src/system_stm32f4xx.o
 .debug_macro   0x00000000000237cd      0x20b ./Core/Src/usart.o
 .debug_macro   0x00000000000239d8      0x20b ./Core/Src/usb_otg.o
 .debug_macro   0x0000000000023be3      0x252 ./Drivers/STM32F4xx_HAL_Driver/Src/stm32f4xx_hal.o
 .debug_macro   0x0000000000023e35      0x1f2 ./Drivers/STM32F4xx_HAL_Driver/Src/stm32f4xx_hal_cortex.o
 .debug_macro   0x0000000000024027      0x1f8 ./Drivers/STM32F4xx_HAL_Driver/Src/stm32f4xx_hal_dma.o
 .debug_macro   0x000000000002421f      0x2cc ./Drivers/STM32F4xx_HAL_Driver/Src/stm32f4xx_hal_eth.o
 .debug_macro   0x00000000000244eb      0x1f8 ./Drivers/STM32F4xx_HAL_Driver/Src/stm32f4xx_hal_gpio.o
 .debug_macro   0x00000000000246e3      0x1fe ./Drivers/STM32F4xx_HAL_Driver/Src/stm32f4xx_hal_pcd.o
 .debug_macro   0x00000000000248e1      0x216 ./Drivers/STM32F4xx_HAL_Driver/Src/stm32f4xx_hal_rcc.o
 .debug_macro   0x0000000000024af7      0x201 ./Drivers/STM32F4xx_HAL_Driver/Src/stm32f4xx_hal_spi.o
 .debug_macro   0x0000000000024cf8      0x1f3 ./Drivers/STM32F4xx_HAL_Driver/Src/stm32f4xx_hal_uart.o
 .debug_macro   0x0000000000024eeb      0x1f2 ./Drivers/STM32F4xx_HAL_Driver/Src/stm32f4xx_ll_usb.o

.debug_line     0x0000000000000000    0x12bfb
 .debug_line    0x0000000000000000      0x99a ./Core/Src/eth.o
 .debug_line    0x000000000000099a      0x7e7 ./Core/Src/gpio.o
 .debug_line    0x0000000000001181      0x97a ./Core/Src/main.o
 .debug_line    0x0000000000001afb      0xbfc ./Core/Src/nrf24l01p.o
 .debug_line    0x00000000000026f7      0x7ff ./Core/Src/spi.o
 .debug_line    0x0000000000002ef6      0x78b ./Core/Src/stm32f4xx_hal_msp.o
 .debug_line    0x0000000000003681      0x8ad ./Core/Src/stm32f4xx_it.o
 .debug_line    0x0000000000003f2e      0x80c ./Core/Src/system_stm32f4xx.o
 .debug_line    0x000000000000473a      0x864 ./Core/Src/usart.o
 .debug_line    0x0000000000004f9e      0x807 ./Core/Src/usb_otg.o
 .debug_line    0x00000000000057a5       0x7a ./Core/Startup/startup_stm32f429zitx.o
 .debug_line    0x000000000000581f      0xaa8 ./Drivers/STM32F4xx_HAL_Driver/Src/stm32f4xx_hal.o
 .debug_line    0x00000000000062c7      0xd21 ./Drivers/STM32F4xx_HAL_Driver/Src/stm32f4xx_hal_cortex.o
 .debug_line    0x0000000000006fe8      0xfd6 ./Drivers/STM32F4xx_HAL_Driver/Src/stm32f4xx_hal_dma.o
 .debug_line    0x0000000000007fbe     0x19e1 ./Drivers/STM32F4xx_HAL_Driver/Src/stm32f4xx_hal_eth.o
 .debug_line    0x000000000000999f      0xc0e ./Drivers/STM32F4xx_HAL_Driver/Src/stm32f4xx_hal_gpio.o
 .debug_line    0x000000000000a5ad     0x1519 ./Drivers/STM32F4xx_HAL_Driver/Src/stm32f4xx_hal_pcd.o
 .debug_line    0x000000000000bac6      0xdeb ./Drivers/STM32F4xx_HAL_Driver/Src/stm32f4xx_hal_rcc.o
 .debug_line    0x000000000000c8b1     0x1d03 ./Drivers/STM32F4xx_HAL_Driver/Src/stm32f4xx_hal_spi.o
 .debug_line    0x000000000000e5b4     0x2b14 ./Drivers/STM32F4xx_HAL_Driver/Src/stm32f4xx_hal_uart.o
 .debug_line    0x00000000000110c8     0x1b33 ./Drivers/STM32F4xx_HAL_Driver/Src/stm32f4xx_ll_usb.o

.debug_str      0x0000000000000000    0xdc19a
 .debug_str     0x0000000000000000    0xd6af1 ./Core/Src/eth.o
                                      0xd6dfe (size before relaxing)
 .debug_str     0x00000000000d6af1      0x5ce ./Core/Src/gpio.o
                                      0xd3b78 (size before relaxing)
 .debug_str     0x00000000000d70bf      0xd02 ./Core/Src/main.o
                                      0xd439e (size before relaxing)
 .debug_str     0x00000000000d7dc1      0x4f3 ./Core/Src/nrf24l01p.o
                                      0xd42ea (size before relaxing)
 .debug_str     0x00000000000d82b4       0x5f ./Core/Src/spi.o
                                      0xd4018 (size before relaxing)
 .debug_str     0x00000000000d8313       0x2c ./Core/Src/stm32f4xx_hal_msp.o
                                      0xd3529 (size before relaxing)
 .debug_str     0x00000000000d833f      0x155 ./Core/Src/stm32f4xx_it.o
                                      0xd3b1a (size before relaxing)
 .debug_str     0x00000000000d8494       0xdb ./Core/Src/system_stm32f4xx.o
                                      0xd3096 (size before relaxing)
 .debug_str     0x00000000000d856f       0x51 ./Core/Src/usart.o
                                      0xd403c (size before relaxing)
 .debug_str     0x00000000000d85c0      0x3a4 ./Core/Src/usb_otg.o
                                      0xd3a2f (size before relaxing)
 .debug_str     0x00000000000d8964       0x34 ./Core/Startup/startup_stm32f429zitx.o
                                         0x68 (size before relaxing)
 .debug_str     0x00000000000d8998      0x648 ./Drivers/STM32F4xx_HAL_Driver/Src/stm32f4xx_hal.o
                                      0xd3cb9 (size before relaxing)
 .debug_str     0x00000000000d8fe0      0x321 ./Drivers/STM32F4xx_HAL_Driver/Src/stm32f4xx_hal_cortex.o
                                      0xd399e (size before relaxing)
 .debug_str     0x00000000000d9301      0x30f ./Drivers/STM32F4xx_HAL_Driver/Src/stm32f4xx_hal_dma.o
                                      0xd349d (size before relaxing)
 .debug_str     0x00000000000d9610     0x11ea ./Drivers/STM32F4xx_HAL_Driver/Src/stm32f4xx_hal_eth.o
                                      0xd4923 (size before relaxing)
 .debug_str     0x00000000000da7fa       0x95 ./Drivers/STM32F4xx_HAL_Driver/Src/stm32f4xx_hal_gpio.o
                                      0xd3211 (size before relaxing)
 .debug_str     0x00000000000da88f      0x802 ./Drivers/STM32F4xx_HAL_Driver/Src/stm32f4xx_hal_pcd.o
                                      0xd3b45 (size before relaxing)
 .debug_str     0x00000000000db091      0x21f ./Drivers/STM32F4xx_HAL_Driver/Src/stm32f4xx_hal_rcc.o
                                      0xd34ca (size before relaxing)
 .debug_str     0x00000000000db2b0      0x520 ./Drivers/STM32F4xx_HAL_Driver/Src/stm32f4xx_hal_spi.o
                                      0xd3947 (size before relaxing)
 .debug_str     0x00000000000db7d0      0x58b ./Drivers/STM32F4xx_HAL_Driver/Src/stm32f4xx_hal_uart.o
                                      0xd3a56 (size before relaxing)
 .debug_str     0x00000000000dbd5b      0x43f ./Drivers/STM32F4xx_HAL_Driver/Src/stm32f4xx_ll_usb.o
                                      0xd39ad (size before relaxing)

.debug_frame    0x0000000000000000     0x4068
 .debug_frame   0x0000000000000000       0x74 ./Core/Src/eth.o
 .debug_frame   0x0000000000000074       0x34 ./Core/Src/gpio.o
 .debug_frame   0x00000000000000a8      0x1d4 ./Core/Src/main.o
 .debug_frame   0x000000000000027c      0x484 ./Core/Src/nrf24l01p.o
 .debug_frame   0x0000000000000700       0x74 ./Core/Src/spi.o
 .debug_frame   0x0000000000000774       0x38 ./Core/Src/stm32f4xx_hal_msp.o
 .debug_frame   0x00000000000007ac      0x174 ./Core/Src/stm32f4xx_it.o
 .debug_frame   0x0000000000000920       0x58 ./Core/Src/system_stm32f4xx.o
 .debug_frame   0x0000000000000978       0x90 ./Core/Src/usart.o
 .debug_frame   0x0000000000000a08       0x74 ./Core/Src/usb_otg.o
 .debug_frame   0x0000000000000a7c      0x3b4 ./Drivers/STM32F4xx_HAL_Driver/Src/stm32f4xx_hal.o
 .debug_frame   0x0000000000000e30      0x498 ./Drivers/STM32F4xx_HAL_Driver/Src/stm32f4xx_hal_cortex.o
 .debug_frame   0x00000000000012c8      0x250 ./Drivers/STM32F4xx_HAL_Driver/Src/stm32f4xx_hal_dma.o
 .debug_frame   0x0000000000001518      0x898 ./Drivers/STM32F4xx_HAL_Driver/Src/stm32f4xx_hal_eth.o
 .debug_frame   0x0000000000001db0      0x14c ./Drivers/STM32F4xx_HAL_Driver/Src/stm32f4xx_hal_gpio.o
 .debug_frame   0x0000000000001efc      0x5bc ./Drivers/STM32F4xx_HAL_Driver/Src/stm32f4xx_hal_pcd.o
 .debug_frame   0x00000000000024b8      0x1f4 ./Drivers/STM32F4xx_HAL_Driver/Src/stm32f4xx_hal_rcc.o
 .debug_frame   0x00000000000026ac      0x824 ./Drivers/STM32F4xx_HAL_Driver/Src/stm32f4xx_hal_spi.o
 .debug_frame   0x0000000000002ed0      0x92c ./Drivers/STM32F4xx_HAL_Driver/Src/stm32f4xx_hal_uart.o
 .debug_frame   0x00000000000037fc      0x7c0 ./Drivers/STM32F4xx_HAL_Driver/Src/stm32f4xx_ll_usb.o
 .debug_frame   0x0000000000003fbc       0x20 C:/ST/STM32CubeIDE_1.12.1/STM32CubeIDE/plugins/com.st.stm32cube.ide.mcu.externaltools.gnu-tools-for-stm32.11.3.rel1.win32_1.1.1.202309131626/tools/bin/../lib/gcc/arm-none-eabi/11.3.1/../../../../arm-none-eabi/lib/thumb/v7e-m+fp/hard\libc_nano.a(libc_a-memset.o)
 .debug_frame   0x0000000000003fdc       0x2c C:/ST/STM32CubeIDE_1.12.1/STM32CubeIDE/plugins/com.st.stm32cube.ide.mcu.externaltools.gnu-tools-for-stm32.11.3.rel1.win32_1.1.1.202309131626/tools/bin/../lib/gcc/arm-none-eabi/11.3.1/../../../../arm-none-eabi/lib/thumb/v7e-m+fp/hard\libc_nano.a(libc_a-init.o)
 .debug_frame   0x0000000000004008       0x2c C:/ST/STM32CubeIDE_1.12.1/STM32CubeIDE/plugins/com.st.stm32cube.ide.mcu.externaltools.gnu-tools-for-stm32.11.3.rel1.win32_1.1.1.202309131626/tools/bin/../lib/gcc/arm-none-eabi/11.3.1/thumb/v7e-m+fp/hard\libgcc.a(_aeabi_uldivmod.o)
 .debug_frame   0x0000000000004034       0x34 C:/ST/STM32CubeIDE_1.12.1/STM32CubeIDE/plugins/com.st.stm32cube.ide.mcu.externaltools.gnu-tools-for-stm32.11.3.rel1.win32_1.1.1.202309131626/tools/bin/../lib/gcc/arm-none-eabi/11.3.1/thumb/v7e-m+fp/hard\libgcc.a(_udivmoddi4.o)

.debug_line_str
                0x0000000000000000       0x5c
 .debug_line_str
                0x0000000000000000       0x5c ./Core/Startup/startup_stm32f429zitx.o
                                         0x74 (size before relaxing)
