../Core/Src/main.c:81:5:main	8	static
../Core/Src/main.c:131:6:SystemClock_Config	88	static
../Core/Src/main.c:173:6:motor1_forward	8	static
../Core/Src/main.c:179:6:motor2_forward	8	static
../Core/Src/main.c:185:6:motor1_backward	8	static
../Core/Src/main.c:191:6:motor2_backward	8	static
../Core/Src/main.c:197:6:go_forward	8	static
../Core/Src/main.c:203:6:go_backward	8	static
../Core/Src/main.c:209:6:go_left	8	static
../Core/Src/main.c:215:6:go_right	8	static
../Core/Src/main.c:221:6:stop	8	static
../Core/Src/main.c:229:6:HAL_UART_TxCpltCallback	16	static
../Core/Src/main.c:234:6:HAL_UART_RxCpltCallback	16	static
../Core/Src/main.c:239:6:HAL_GPIO_EXTI_Callback	16	static
../Core/Src/main.c:250:6:Error_Handler	4	static,ignoring_inline_asm
