../Core/Src/main.c:89:5:main	8	static
../Core/Src/main.c:136:6:SystemClock_Config	88	static
../Core/Src/main.c:182:13:MX_ETH_Init	8	static
../Core/Src/main.c:231:13:MX_USART3_UART_Init	8	static
../Core/Src/main.c:264:13:MX_USB_OTG_FS_PCD_Init	8	static
../Core/Src/main.c:299:13:MX_GPIO_Init	56	static
../Core/Src/main.c:361:6:motor1_forward	8	static
../Core/Src/main.c:367:6:motor2_forward	8	static
../Core/Src/main.c:373:6:motor1_backward	8	static
../Core/Src/main.c:379:6:motor2_backward	8	static
../Core/Src/main.c:385:6:go_forward	8	static
../Core/Src/main.c:391:6:go_backward	8	static
../Core/Src/main.c:397:6:go_left	8	static
../Core/Src/main.c:403:6:go_right	8	static
../Core/Src/main.c:409:6:stop	8	static
../Core/Src/main.c:417:6:HAL_UART_TxCpltCallback	16	static
../Core/Src/main.c:422:6:HAL_UART_RxCpltCallback	16	static
../Core/Src/main.c:442:6:Error_Handler	4	static,ignoring_inline_asm
